Archive member included to satisfy reference by file (symbol)

../../../libs\libasr.a(asr_top_outside_port.o)
                              build/objs/command_info.o (symbol from plugin) (asrtop_asr_system_create_model)
../../../libs\libasr.a(decoder_inner_port_rpmsg.o)
                              build/objs/main.o (symbol from plugin) (decoder_port_inner_rpmsg_init)
../../../libs\libasr.a(decoder_manage.o)
                              decoder_inner_port_rpmsg.o (symbol from plugin) (model_parameter_info_clear)
../../../libs\libasr.a(dynmic_confidence.o)
                              build/objs/system_msg_deal.o (symbol from plugin) (dynmic_confidence_config)
../../../libs\libasr.a(dnn_outside_port.o)
                              decoder_manage.o (symbol from plugin) (get_dnn_version)
../../../libs\libasr.a(flash_manage_outside_port.o)
                              build/objs/ci_flash_data_info.o (symbol from plugin) (is_flash_power_off)
../../../libs\libasr.a(vad_fe_outside_port.o)
                              decoder_manage.o (symbol from plugin) (cmvn_update_mean_var_config)
../../../libs\libasr.a(asr_dealwith_result.o)
                              decoder_manage.o (symbol from plugin) (app_deal_asr_reuslt_callback)
../../../libs\libasr.a(asrbest_result.o)
                              decoder_manage.o (symbol from plugin) (asrbest_result_init)
../../../libs\libasr.a(cmp_twice_confidence.o)
                              decoder_manage.o (symbol from plugin) (cmp_twice_init)
../../../libs\libasr.a(decide_result.o)
                              decoder_manage.o (symbol from plugin) (decide_init)
../../../libs\libeq.a(ci_eq.o)
                              build/objs/system_msg_deal.o (symbol from plugin) (ci_eq_deal)
../../../libs\libeq.a(ci_eq_coef.o)
                              ci_eq.o (symbol from plugin) (eq_coef_highfreq)
../../../libs\libnewlib_port.a(sbrk.o)
                              build/objs/platform_config.o (symbol from plugin) (sbrk)
../../../libs\libfreertos_port.a(port.o)
                              build/objs/event_groups.o (symbol from plugin) (vPortSetMSIPInt)
../../../libs\libfreertos_port.a(portasm.o)
                              port.o (symbol from plugin) (vPortYield)
../../../libs\libdsu.a(ci130x_dsu.o)
                              build/objs/main.o (symbol from plugin) (dsu_init)
../../../libs\libdsu.a(ci130x_mailbox.o)
                              build/objs/platform_config.o (symbol from plugin) (mailbox_preinit)
../../../libs\libdsu.a(ci130x_scu.o)
                              build/objs/ci130x_init.o (symbol from plugin) (scu_unlock_system_config)
../../../libs\libdsu.a(ci130x_efuse.o)
                              ci130x_dsu.o (symbol from plugin) (efuse_unlock)
../../../libs\libdsu.a(ci130x_dpmu.o)
                              build/objs/ci130x_init.o (symbol from plugin) (dpmu_unlock_cfg_config)
../../../libs\libdsu.a(ci130x_nuclear_com.o)
                              build/objs/flash_control_inner_port.o (symbol from plugin) (nuclear_com_registe_serve)
../../../libs\libdsu.a(remote_api_for_host.o)
                              build/objs/main.o (symbol from plugin) (rc_caller_set_ssp_registe)
d:/software/yuyin/qiqiyinqiluntai/riscv-nuclei-elf-gcc-9.2.0.0/gcc_fix_raissrc/bin/../lib/gcc/riscv-nuclei-elf/9.2.0/rv32imafc/ilp32f\libgcc.a(save-restore.o)
                              ../../../libs\libnewlib_port.a(sbrk.o) (__riscv_save_4)
d:/software/yuyin/qiqiyinqiluntai/riscv-nuclei-elf-gcc-9.2.0.0/gcc_fix_raissrc/bin/../lib/gcc/riscv-nuclei-elf/9.2.0/../../../../riscv-nuclei-elf/lib/rv32imafc/ilp32f\libg_nano.a(lib_a-atexit.o)
                              build/objs/ci130x_startup.o (atexit)
d:/software/yuyin/qiqiyinqiluntai/riscv-nuclei-elf-gcc-9.2.0.0/gcc_fix_raissrc/bin/../lib/gcc/riscv-nuclei-elf/9.2.0/../../../../riscv-nuclei-elf/lib/rv32imafc/ilp32f\libg_nano.a(lib_a-exit.o)
                              build/objs/ci130x_startup.o (exit)
d:/software/yuyin/qiqiyinqiluntai/riscv-nuclei-elf-gcc-9.2.0.0/gcc_fix_raissrc/bin/../lib/gcc/riscv-nuclei-elf/9.2.0/../../../../riscv-nuclei-elf/lib/rv32imafc/ilp32f\libg_nano.a(lib_a-fini.o)
                              build/objs/ci130x_startup.o (__libc_fini_array)
d:/software/yuyin/qiqiyinqiluntai/riscv-nuclei-elf-gcc-9.2.0.0/gcc_fix_raissrc/bin/../lib/gcc/riscv-nuclei-elf/9.2.0/../../../../riscv-nuclei-elf/lib/rv32imafc/ilp32f\libg_nano.a(lib_a-impure.o)
                              d:/software/yuyin/qiqiyinqiluntai/riscv-nuclei-elf-gcc-9.2.0.0/gcc_fix_raissrc/bin/../lib/gcc/riscv-nuclei-elf/9.2.0/../../../../riscv-nuclei-elf/lib/rv32imafc/ilp32f\libg_nano.a(lib_a-exit.o) (_global_impure_ptr)
d:/software/yuyin/qiqiyinqiluntai/riscv-nuclei-elf-gcc-9.2.0.0/gcc_fix_raissrc/bin/../lib/gcc/riscv-nuclei-elf/9.2.0/../../../../riscv-nuclei-elf/lib/rv32imafc/ilp32f\libg_nano.a(lib_a-init.o)
                              build/objs/ci130x_startup.o (__libc_init_array)
[...]
Memory Configuration

Name             Origin             Length             Attributes
BOOT_PARAMETER   0x000000001ff50a00 0x0000000000000200
SHARE_SRAM       0x000000001ff50c00 0x0000000000000400
SRAM             0x000000001ff51000 0x0000000000087000 xrw
*default*        0x0000000000000000 0xffffffffffffffff

Linker script and memory map

LOAD C:\TMP\nn_denoise_rtc_sample.elf.UaA6UP.ltrans0.ltrans.o
LOAD C:\TMP\nn_denoise_rtc_sample.elf.UaA6UP.ltrans1.ltrans.o
LOAD C:\TMP\cctaoPDg.debug.temp.o
LOAD C:\TMP\ccCToAL5.debug.temp.o
LOAD C:\TMP\ccz04okV.debug.temp.o
LOAD C:\TMP\cc6vsEGK.debug.temp.o
LOAD C:\TMP\ccjlrN7y.debug.temp.o
LOAD C:\TMP\ccky5ZZn.debug.temp.o
LOAD C:\TMP\ccXGdyWc.debug.temp.o
LOAD C:\TMP\cca66GJ1.debug.temp.o
LOAD C:\TMP\ccFAmeNP.debug.temp.o
LOAD C:\TMP\ccKRTuHD.debug.temp.o
LOAD C:\TMP\ccBXiG2r.debug.temp.o
LOAD C:\TMP\ccs58sqf.debug.temp.o
LOAD C:\TMP\ccHdpmJ2.debug.temp.o
LOAD C:\TMP\ccKJkjtQ.debug.temp.o
LOAD C:\TMP\ccn4Qw8D.debug.temp.o
LOAD C:\TMP\ccmasFKv.debug.temp.o
LOAD C:\TMP\ccTZ3wdn.debug.temp.o
LOAD C:\TMP\ccggCs7e.debug.temp.o
LOAD C:\TMP\ccPqa1p6.debug.temp.o
LOAD C:\TMP\ccWkJizX.debug.temp.o
LOAD C:\TMP\ccnnVYYN.debug.temp.o
LOAD C:\TMP\ccivKHaE.debug.temp.o
LOAD C:\TMP\cc10euNu.debug.temp.o
LOAD C:\TMP\ccigKZgl.debug.temp.o
LOAD C:\TMP\ccR44K0a.debug.temp.o
LOAD C:\TMP\ccYCqfB0.debug.temp.o
LOAD C:\TMP\ccHMzaHQ.debug.temp.o
LOAD C:\TMP\cc0I0ODG.debug.temp.o
LOAD C:\TMP\ccDnfoxA.debug.temp.o
LOAD C:\TMP\ccQOLGhu.debug.temp.o
LOAD C:\TMP\ccTIxAxo.debug.temp.o
LOAD C:\TMP\ccYH15Ph.debug.temp.o
LOAD C:\TMP\cczRIbZa.debug.temp.o
LOAD C:\TMP\ccYo5kz4.debug.temp.o
LOAD C:\TMP\ccVFsd0X.debug.temp.o
LOAD C:\TMP\ccawFlHQ.debug.temp.o
LOAD C:\TMP\ccZ89cfJ.debug.temp.o
LOAD C:\TMP\ccA627dC.debug.temp.o
LOAD C:\TMP\ccJhqD3u.debug.temp.o
LOAD C:\TMP\ccwryuXn.debug.temp.o
LOAD C:\TMP\ccDJjK7f.debug.temp.o
LOAD C:\TMP\ccgciA87.debug.temp.o
LOAD C:\TMP\ccH2VtA0.debug.temp.o
LOAD C:\TMP\ccGCA6SS.debug.temp.o
LOAD C:\TMP\cc1XjE8O.debug.temp.o
LOAD C:\TMP\ccU23UeL.debug.temp.o
LOAD C:\TMP\ccjsysyH.debug.temp.o
LOAD C:\TMP\cc2ZFo8C.debug.temp.o
LOAD C:\TMP\ccjNAsDy.debug.temp.o
LOAD C:\TMP\ccmVTzzu.debug.temp.o
LOAD C:\TMP\ccZPuqmq.debug.temp.o
LOAD C:\TMP\ccK6Q2tl.debug.temp.o
LOAD C:\TMP\ccdkiSng.debug.temp.o
LOAD C:\TMP\cckcO8Mb.debug.temp.o
LOAD C:\TMP\cc1QB826.debug.temp.o
LOAD C:\TMP\ccaOP0u1.debug.temp.o
LOAD C:\TMP\ccRu4BNV.debug.temp.o
LOAD C:\TMP\cc8Hw6wQ.debug.temp.o
LOAD C:\TMP\ccfcoYkL.debug.temp.o
LOAD C:\TMP\ccWsxzZF.debug.temp.o
LOAD C:\TMP\ccXru5AE.debug.temp.o
LOAD C:\TMP\ccwask3C.debug.temp.o
LOAD C:\TMP\ccVjmDWB.debug.temp.o
LOAD C:\TMP\ccQDtwGA.debug.temp.o
LOAD C:\TMP\ccfPOqCy.debug.temp.o
LOAD C:\TMP\ccceEVow.debug.temp.o
LOAD C:\TMP\ccTUAtCu.debug.temp.o
LOAD C:\TMP\ccaoPKGs.debug.temp.o
LOAD C:\TMP\ccNyKP5p.debug.temp.o
LOAD C:\TMP\ccetkqzn.debug.temp.o
LOAD C:\TMP\ccdBoBTk.debug.temp.o
LOAD C:\TMP\cc067PEi.debug.temp.o
LOAD C:\TMP\ccvzWhcg.debug.temp.o
LOAD C:\TMP\ccQOGfOd.debug.temp.o
LOAD C:\TMP\cctDgtGa.debug.temp.o
LOAD C:\TMP\ccOUr2k7.debug.temp.o
LOAD C:\TMP\ccX3Lwq4.debug.temp.o
LOAD C:\TMP\ccEW6Jm1.debug.temp.o
LOAD C:\TMP\ccJ9j1f2.debug.temp.o
LOAD C:\TMP\ccEDWFd3.debug.temp.o
LOAD C:\TMP\cc5LZvX3.debug.temp.o
LOAD C:\TMP\ccgGDg84.debug.temp.o
LOAD C:\TMP\cc1mzK95.debug.temp.o
LOAD C:\TMP\ccCkUBf7.debug.temp.o
LOAD C:\TMP\ccxqSRB7.debug.temp.o
LOAD C:\TMP\cc8pEkK7.debug.temp.o
LOAD C:\TMP\ccjYWdo8.debug.temp.o
LOAD C:\TMP\cc6lOQS8.debug.temp.o
LOAD C:\TMP\ccdSiSD8.debug.temp.o
LOAD C:\TMP\ccOvJtf8.debug.temp.o
LOAD C:\TMP\ccfCpGm8.debug.temp.o
LOAD C:\TMP\cciyECk8.debug.temp.o
LOAD C:\TMP\ccNMjru7.debug.temp.o
LOAD C:\TMP\ccOHIYu6.debug.temp.o
LOAD C:\TMP\ccHWNTz5.debug.temp.o
LOAD C:\TMP\cckt0R54.debug.temp.o
LOAD C:\TMP\ccxgYqs4.debug.temp.o
LOAD C:\TMP\cci7oGH7.debug.temp.o
LOAD C:\TMP\ccN1xXNa.debug.temp.o
LOAD C:\TMP\ccY7fhle.debug.temp.o
LOAD C:\TMP\ccZunYWh.debug.temp.o
LOAD C:\TMP\ccIk60kl.debug.temp.o
LOAD C:\TMP\ccJJEjZn.debug.temp.o
LOAD C:\TMP\ccCYp8Hq.debug.temp.o
LOAD C:\TMP\ccb7Y9ct.debug.temp.o
LOAD C:\TMP\ccoejxMv.debug.temp.o
LOAD C:\TMP\ccnavPMy.debug.temp.o
LOAD C:\TMP\ccUPHQDB.debug.temp.o
LOAD C:\TMP\ccJAggLD.debug.temp.o
LOAD C:\TMP\ccilbTEF.debug.temp.o
LOAD C:\TMP\ccFjeTCH.debug.temp.o
LOAD C:\TMP\ccSIdX1J.debug.temp.o
LOAD C:\TMP\ccJYJddM.debug.temp.o
LOAD C:\TMP\ccUmTSEN.debug.temp.o
LOAD C:\TMP\ccV1rVaP.debug.temp.o
LOAD C:\TMP\ccE9BjtQ.debug.temp.o
LOAD C:\TMP\ccb9UCcS.debug.temp.o
LOAD C:\TMP\cck05cRT.debug.temp.o
LOAD C:\TMP\ccP8RQsZ.debug.temp.o
LOAD C:\TMP\ccay3R84.debug.temp.o
LOAD C:\TMP\ccbR25Aa.debug.temp.o
LOAD C:\TMP\cc2AYnug.debug.temp.o
LOAD C:\TMP\ccr4Uoem.debug.temp.o
LOAD C:\TMP\cc86GFer.debug.temp.o
LOAD C:\TMP\cclQcF5v.debug.temp.o
LOAD C:\TMP\ccoQ710A.debug.temp.o
LOAD C:\TMP\cchhZsnG.debug.temp.o
LOAD C:\TMP\ccMFLQQK.debug.temp.o
LOAD C:\TMP\ccPh2OaP.debug.temp.o
LOAD C:\TMP\ccIkfRVT.debug.temp.o
LOAD C:\TMP\cc73bCxY.debug.temp.o
LOAD C:\TMP\ccOmYCp2.debug.temp.o
LOAD C:\TMP\cc1ZuUu6.debug.temp.o
LOAD C:\TMP\ccAAaiva.debug.temp.o
LOAD C:\TMP\ccxvIJsi.debug.temp.o
LOAD C:\TMP\cc4eRrlq.debug.temp.o
LOAD C:\TMP\ccpQ84Ey.debug.temp.o
LOAD C:\TMP\cckeIrPG.debug.temp.o
LOAD C:\TMP\ccxHDcgO.debug.temp.o
LOAD C:\TMP\ccglMxxV.debug.temp.o
LOAD build/objs/ci130x_vtable.o
LOAD build/objs/ci130x_startup.o
LOAD ../../../libs\libasr.a
LOAD ../../../libs\libeq.a
LOAD ../../../libs\libdrc.a
LOAD ../../../libs\libnewlib_port.a
LOAD ../../../libs\libfreertos_port.a
LOAD ../../../libs\libdsu.a
LOAD ../../../libs\libflash_encrypt.a
LOAD d:/software/yuyin/qiqiyinqiluntai/riscv-nuclei-elf-gcc-9.2.0.0/gcc_fix_raissrc/bin/../lib/gcc/riscv-nuclei-elf/9.2.0/../../../../riscv-nuclei-elf/lib/rv32imafc/ilp32f\libstdc++.a
LOAD d:/software/yuyin/qiqiyinqiluntai/riscv-nuclei-elf-gcc-9.2.0.0/gcc_fix_raissrc/bin/../lib/gcc/riscv-nuclei-elf/9.2.0/../../../../riscv-nuclei-elf/lib/rv32imafc/ilp32f\libm.a
LOAD d:/software/yuyin/qiqiyinqiluntai/riscv-nuclei-elf-gcc-9.2.0.0/gcc_fix_raissrc/bin/../lib/gcc/riscv-nuclei-elf/9.2.0/rv32imafc/ilp32f\libgcc.a
LOAD d:/software/yuyin/qiqiyinqiluntai/riscv-nuclei-elf-gcc-9.2.0.0/gcc_fix_raissrc/bin/../lib/gcc/riscv-nuclei-elf/9.2.0/../../../../riscv-nuclei-elf/lib/rv32imafc/ilp32f\libg_nano.a
LOAD d:/software/yuyin/qiqiyinqiluntai/riscv-nuclei-elf-gcc-9.2.0.0/gcc_fix_raissrc/bin/../lib/gcc/riscv-nuclei-elf/9.2.0/../../../../riscv-nuclei-elf/lib/rv32imafc/ilp32f\libc_nano.a
LOAD d:/software/yuyin/qiqiyinqiluntai/riscv-nuclei-elf-gcc-9.2.0.0/gcc_fix_raissrc/bin/../lib/gcc/riscv-nuclei-elf/9.2.0/rv32imafc/ilp32f\libgcc.a
START GROUP
LOAD d:/software/yuyin/qiqiyinqiluntai/riscv-nuclei-elf-gcc-9.2.0.0/gcc_fix_raissrc/bin/../lib/gcc/riscv-nuclei-elf/9.2.0/rv32imafc/ilp32f\libgcc.a
LOAD d:/software/yuyin/qiqiyinqiluntai/riscv-nuclei-elf-gcc-9.2.0.0/gcc_fix_raissrc/bin/../lib/gcc/riscv-nuclei-elf/9.2.0/../../../../riscv-nuclei-elf/lib/rv32imafc/ilp32f\libc_nano.a
LOAD d:/software/yuyin/qiqiyinqiluntai/riscv-nuclei-elf-gcc-9.2.0.0/gcc_fix_raissrc/bin/../lib/gcc/riscv-nuclei-elf/9.2.0/../../../../riscv-nuclei-elf/lib/rv32imafc/ilp32f\libgloss_nano.a
END GROUP
                0x0000000000000c00                STACK_SIZE = 0xc00
                0x000000001ffd2000                SRAM_HOST_END_ADDR = 0x1ffd2000
                0x000000001ffd2000                SRAM_HOST_END_ADDR_VPR = 0x1ffd2000
                0x000000001ffd0000                SRAM_HOST_END_ADDR_SED = 0x1ffd0000
                0x000000001ffcc000                SRAM_HOST_END_ADDR_OFFLINE_DUAL_MIC = 0x1ffcc000
                0x000000001ffd7000                SRAM_HOST_END_ADDR_AIOT_DUAL_MIC = 0x1ffd7000
                0x000000001ffcc000                SRAM_HOST_END_ADDR_NN_DENOISE_ASR = 0x1ffcc000
                0x000000001ffd8000                SRAM_HOST_END_ADDR_NN_DENOISE_RTC = 0x1ffd8000
                0x000000001ff50a00                BOOT_PARAMETER_ADDR = 0x1ff50a00
                0x0000000000000200                BOOT_PARAMETER_SIZE = 0x200
                0x000000001ff50c00                SHARE_SRAM_ADDR = 0x1ff50c00
                0x0000000000000400                SHARE_SRAM_SIZE = 0x400
                0x000000001ff51000                SRAM_START_ADDR = 0x1ff51000
                0x000000001ffd8000                SRAM_END_ADDR = SRAM_HOST_END_ADDR_NN_DENOISE_RTC
                0x0000000000087000                SRAM_SIZE = (SRAM_END_ADDR - SRAM_START_ADDR)
                0x0000000000037000                SYS_HEAP_SIZE = 0x37000
                0x0000000000000c00                __stack_size = STACK_SIZE
                0x0000000000000c00                __int_stack_size = STACK_SIZE
                0x0000000000000c00                __stack_size = DEFINED (__stack_size)?__stack_size:0x800
                0x0000000000000c00                __int_stack_size = DEFINED (__int_stack_size)?__int_stack_size:0x400

.boot_parameter
                0x000000001ff50a00      0x116
 *.(boot_parameter)
 .boot_parameter
                0x000000001ff50a00      0x116 C:\TMP\nn_denoise_rtc_sample.elf.UaA6UP.ltrans1.ltrans.o

.share_memory   0x000000001ff50c00       0xb0
 *(.share_mem)
 .share_mem     0x000000001ff50c00       0xb0 C:\TMP\nn_denoise_rtc_sample.elf.UaA6UP.ltrans0.ltrans.o
                0x000000001ff50c00                status_list.lto_priv.0

.init           0x000000001ff51000      0x272
 *(.vtable)
 .vtable        0x000000001ff51000      0x100 build/objs/ci130x_vtable.o
                0x000000001ff51000                vector_base
 *(.load_addr)
 .load_addr     0x000000001ff51100       0x3c build/objs/ci130x_startup.o
 *(SORT_NONE(.init))
 .init          0x000000001ff5113c      0x136 build/objs/ci130x_startup.o
                0x000000001ff5113c                _start
                0x000000001ff51162                _virtual_start
                0x000000001ff51250                disable_mcycle_minstret
                0x000000001ff51256                enable_mcycle_minstret
                0x000000001ff5125c                core_wfe_asm

.ilalign        0x000000001ff51272        0x2
                0x000000001ff51274                . = ALIGN (0x4)
 *fill*         0x000000001ff51272        0x2 
                0x000000001ff51274                PROVIDE (_ilm_lma = .)

.ialign         0x000000001ff51274        0x0
                0x000000001ff51274                PROVIDE (_ilm = .)

.text           0x000000001ff51280    0x165a2
 *(.text.unlikely .text.unlikely.*)
 *(.text.startup .text.startup.*)
 .text.startup.main
                0x000000001ff51280      0x556 C:\TMP\nn_denoise_rtc_sample.elf.UaA6UP.ltrans1.ltrans.o
                0x000000001ff51280                main
 *(.text .text.*)
 .text.filter_mem16.constprop.0
                0x000000001ff517d6       0x84 C:\TMP\nn_denoise_rtc_sample.elf.UaA6UP.ltrans0.ltrans.o
 .text.iir_mem16.constprop.0
                0x000000001ff5185a       0x66 C:\TMP\nn_denoise_rtc_sample.elf.UaA6UP.ltrans0.ltrans.o
 .text.vq_nbest.constprop.0
                0x000000001ff518c0       0xc0 C:\TMP\nn_denoise_rtc_sample.elf.UaA6UP.ltrans0.ltrans.o
 .text.vq_nbest_sign.constprop.0
                0x000000001ff51980       0xf0 C:\TMP\nn_denoise_rtc_sample.elf.UaA6UP.ltrans0.ltrans.o
 .text.fir_mem16.constprop.0
                0x000000001ff51a70       0x62 C:\TMP\nn_denoise_rtc_sample.elf.UaA6UP.ltrans0.ltrans.o
 .text.highpass.constprop.0
                0x000000001ff51ad2       0x8e C:\TMP\nn_denoise_rtc_sample.elf.UaA6UP.ltrans0.ltrans.o
 .text.qmf_synth.constprop.0
                0x000000001ff51b60      0x172 C:\TMP\nn_denoise_rtc_sample.elf.UaA6UP.ltrans0.ltrans.o
 .text.lsp_quant.constprop.0
                0x000000001ff51cd2       0x86 C:\TMP\nn_denoise_rtc_sample.elf.UaA6UP.ltrans0.ltrans.o
 .text.lsp_weight_quant.constprop.0
                0x000000001ff51d58       0x92 C:\TMP\nn_denoise_rtc_sample.elf.UaA6UP.ltrans0.ltrans.o
 .text.rc_callee_alg_aes_addr
                0x000000001ff51dea        0x8 C:\TMP\nn_denoise_rtc_sample.elf.UaA6UP.ltrans0.ltrans.o
                0x000000001ff51dea                rc_callee_alg_aes_addr
 .text.rc_callee_print_doa_angle_in_host
                0x000000001ff51df2        0x2 C:\TMP\nn_denoise_rtc_sample.elf.UaA6UP.ltrans0.ltrans.o
                0x000000001ff51df2                rc_callee_print_doa_angle_in_host
 .text.rc_callee_sed_rslt_cb
                0x000000001ff51df4        0x2 C:\TMP\nn_denoise_rtc_sample.elf.UaA6UP.ltrans0.ltrans.o
                0x000000001ff51df4                rc_callee_sed_rslt_cb
 .text.rc_callee_deal_one_frm_fft_rslt_callback
                0x000000001ff51df6        0x2 C:\TMP\nn_denoise_rtc_sample.elf.UaA6UP.ltrans0.ltrans.o
                0x000000001ff51df6                rc_callee_deal_one_frm_fft_rslt_callback
 .text.rc_callee_audio_deal_one_frm_callback
                0x000000001ff51df8        0x2 C:\TMP\nn_denoise_rtc_sample.elf.UaA6UP.ltrans0.ltrans.o
                0x000000001ff51df8                rc_callee_audio_deal_one_frm_callback
 .text.efuse_check_int_state
                0x000000001ff51dfa       0x14 C:\TMP\nn_denoise_rtc_sample.elf.UaA6UP.ltrans0.ltrans.o
 .text.efuse_int_clear
                0x000000001ff51e0e       0x12 C:\TMP\nn_denoise_rtc_sample.elf.UaA6UP.ltrans0.ltrans.o
 .text.prvTaskExitError
                0x000000001ff51e20       0x16 C:\TMP\nn_denoise_rtc_sample.elf.UaA6UP.ltrans0.ltrans.o
 .text.compute_quant_weights
                0x000000001ff51e36       0xba C:\TMP\nn_denoise_rtc_sample.elf.UaA6UP.ltrans0.ltrans.o
 .text.forced_pitch_unquant
                0x000000001ff51ef0       0x78 C:\TMP\nn_denoise_rtc_sample.elf.UaA6UP.ltrans0.ltrans.o
                0x000000001ff51ef0                forced_pitch_unquant
 .text.inner_prod
                0x000000001ff51f68       0x48 C:\TMP\nn_denoise_rtc_sample.elf.UaA6UP.ltrans0.ltrans.o
 .text.interp_pitch.constprop.0
                0x000000001ff51fb0      0x122 C:\TMP\nn_denoise_rtc_sample.elf.UaA6UP.ltrans0.ltrans.o
 .text.cheb_poly_eva.isra.0
                0x000000001ff520d2       0xa2 C:\TMP\nn_denoise_rtc_sample.elf.UaA6UP.ltrans0.ltrans.o
 .text.lsp_interpolate
                0x000000001ff52174       0xf6 C:\TMP\nn_denoise_rtc_sample.elf.UaA6UP.ltrans0.ltrans.o
 .text.lsp_to_lpc
                0x000000001ff5226a      0x1bc C:\TMP\nn_denoise_rtc_sample.elf.UaA6UP.ltrans0.ltrans.o
 .text._spx_autocorr
                0x000000001ff52426       0x46 C:\TMP\nn_denoise_rtc_sample.elf.UaA6UP.ltrans0.ltrans.o
 .text._spx_lpc
                0x000000001ff5246c       0xca C:\TMP\nn_denoise_rtc_sample.elf.UaA6UP.ltrans0.ltrans.o
 .text.compute_impulse_response
                0x000000001ff52536      0x118 C:\TMP\nn_denoise_rtc_sample.elf.UaA6UP.ltrans0.ltrans.o
 .text.syn_percep_zero16
                0x000000001ff5264e       0x60 C:\TMP\nn_denoise_rtc_sample.elf.UaA6UP.ltrans0.ltrans.o
 .text.forced_pitch_quant
                0x000000001ff526ae       0xe8 C:\TMP\nn_denoise_rtc_sample.elf.UaA6UP.ltrans0.ltrans.o
                0x000000001ff526ae                forced_pitch_quant
 .text.signal_mul
                0x000000001ff52796       0x1e C:\TMP\nn_denoise_rtc_sample.elf.UaA6UP.ltrans0.ltrans.o
 .text.bw_lpc   0x000000001ff527b4       0x26 C:\TMP\nn_denoise_rtc_sample.elf.UaA6UP.ltrans0.ltrans.o
 .text.sb_decode_lost
                0x000000001ff527da      0x122 C:\TMP\nn_denoise_rtc_sample.elf.UaA6UP.ltrans0.ltrans.o
 .text.compute_weighted_codebook.isra.0
                0x000000001ff528fc       0x8e C:\TMP\nn_denoise_rtc_sample.elf.UaA6UP.ltrans0.ltrans.o
 .text.noise_codebook_unquant
                0x000000001ff5298a       0x86 C:\TMP\nn_denoise_rtc_sample.elf.UaA6UP.ltrans0.ltrans.o
                0x000000001ff5298a                noise_codebook_unquant
 .text.prvCopyDataToQueue.constprop.0
                0x000000001ff52a10       0x94 C:\TMP\nn_denoise_rtc_sample.elf.UaA6UP.ltrans0.ltrans.o
 .text.lsp_quant_high
                0x000000001ff52aa4      0x152 C:\TMP\nn_denoise_rtc_sample.elf.UaA6UP.ltrans0.ltrans.o
                0x000000001ff52aa4                lsp_quant_high
 .text.lsp_quant_lbr
                0x000000001ff52bf6      0x168 C:\TMP\nn_denoise_rtc_sample.elf.UaA6UP.ltrans0.ltrans.o
                0x000000001ff52bf6                lsp_quant_lbr
 .text.lsp_quant_nb
                0x000000001ff52d5e      0x1ca C:\TMP\nn_denoise_rtc_sample.elf.UaA6UP.ltrans0.ltrans.o
                0x000000001ff52d5e                lsp_quant_nb
 .text.split_cb_search_shape_sign
                0x000000001ff52f28      0x91c C:\TMP\nn_denoise_rtc_sample.elf.UaA6UP.ltrans0.ltrans.o
                0x000000001ff52f28                split_cb_search_shape_sign
 .text.open_loop_nbest_pitch
                0x000000001ff53844      0x29e C:\TMP\nn_denoise_rtc_sample.elf.UaA6UP.ltrans0.ltrans.o
 .text.compute_rms
                0x000000001ff53ae2       0x46 C:\TMP\nn_denoise_rtc_sample.elf.UaA6UP.ltrans0.ltrans.o
 .text.multicomb.constprop.0
                0x000000001ff53b28      0x2e6 C:\TMP\nn_denoise_rtc_sample.elf.UaA6UP.ltrans0.ltrans.o
 .text.lpc_to_lsp.constprop.0
                0x000000001ff53e0e      0x266 C:\TMP\nn_denoise_rtc_sample.elf.UaA6UP.ltrans0.ltrans.o
 .text.speex_warning_int.lto_priv.0
                0x000000001ff54074       0x1e C:\TMP\nn_denoise_rtc_sample.elf.UaA6UP.ltrans0.ltrans.o
 .text.nb_mode_query
                0x000000001ff54092       0x46 C:\TMP\nn_denoise_rtc_sample.elf.UaA6UP.ltrans0.ltrans.o
                0x000000001ff54092                nb_mode_query
 .text.wb_mode_query
                0x000000001ff540d8       0x48 C:\TMP\nn_denoise_rtc_sample.elf.UaA6UP.ltrans0.ltrans.o
                0x000000001ff540d8                wb_mode_query
 .text._speex_fatal.constprop.0
                0x000000001ff54120       0x28 C:\TMP\nn_denoise_rtc_sample.elf.UaA6UP.ltrans0.ltrans.o
 .text.sb_decoder_destroy
                0x000000001ff54148       0x48 C:\TMP\nn_denoise_rtc_sample.elf.UaA6UP.ltrans0.ltrans.o
                0x000000001ff54148                sb_decoder_destroy
 .text.nb_decoder_destroy
                0x000000001ff54190       0x16 C:\TMP\nn_denoise_rtc_sample.elf.UaA6UP.ltrans0.ltrans.o
                0x000000001ff54190                nb_decoder_destroy
 .text.rc_callee_malloc_in_host
                0x000000001ff541a6        0xe C:\TMP\nn_denoise_rtc_sample.elf.UaA6UP.ltrans0.ltrans.o
                0x000000001ff541a6                rc_callee_malloc_in_host
 .text.rc_callee_get_current_model_addr
                0x000000001ff541b4       0x14 C:\TMP\nn_denoise_rtc_sample.elf.UaA6UP.ltrans0.ltrans.o
                0x000000001ff541b4                rc_callee_get_current_model_addr
 .text.speex_default_user_handler
                0x000000001ff541c8       0x1e C:\TMP\nn_denoise_rtc_sample.elf.UaA6UP.ltrans0.ltrans.o
 .text.lsp_unquant_high
                0x000000001ff541e6      0x11a C:\TMP\nn_denoise_rtc_sample.elf.UaA6UP.ltrans0.ltrans.o
                0x000000001ff541e6                lsp_unquant_high
 .text.lsp_unquant_lbr
                0x000000001ff54300      0x166 C:\TMP\nn_denoise_rtc_sample.elf.UaA6UP.ltrans0.ltrans.o
                0x000000001ff54300                lsp_unquant_lbr
 .text.lsp_unquant_nb
                0x000000001ff54466      0x21e C:\TMP\nn_denoise_rtc_sample.elf.UaA6UP.ltrans0.ltrans.o
                0x000000001ff54466                lsp_unquant_nb
 .text.split_cb_shape_sign_unquant
                0x000000001ff54684      0x12e C:\TMP\nn_denoise_rtc_sample.elf.UaA6UP.ltrans0.ltrans.o
                0x000000001ff54684                split_cb_shape_sign_unquant
 .text.noise_codebook_quant
                0x000000001ff547b2       0xa4 C:\TMP\nn_denoise_rtc_sample.elf.UaA6UP.ltrans0.ltrans.o
                0x000000001ff547b2                noise_codebook_quant
 .text.pitch_unquant_3tap
                0x000000001ff54856      0x270 C:\TMP\nn_denoise_rtc_sample.elf.UaA6UP.ltrans0.ltrans.o
                0x000000001ff54856                pitch_unquant_3tap
 .text.pitch_search_3tap
                0x000000001ff54ac6      0x73a C:\TMP\nn_denoise_rtc_sample.elf.UaA6UP.ltrans0.ltrans.o
                0x000000001ff54ac6                pitch_search_3tap
 .text.nb_decoder_ctl
                0x000000001ff55200      0x22e C:\TMP\nn_denoise_rtc_sample.elf.UaA6UP.ltrans0.ltrans.o
                0x000000001ff55200                nb_decoder_ctl
 .text.nb_encode
                0x000000001ff5542e      0xcba C:\TMP\nn_denoise_rtc_sample.elf.UaA6UP.ltrans0.ltrans.o
                0x000000001ff5542e                nb_encode
 .text.eclic_set_irq_priority.constprop.0
                0x000000001ff560e8       0x3a C:\TMP\nn_denoise_rtc_sample.elf.UaA6UP.ltrans0.ltrans.o
                0x000000001ff560e8                eclic_set_irq_priority.constprop.0
 .text.find_id.constprop.0
                0x000000001ff56122       0x46 C:\TMP\nn_denoise_rtc_sample.elf.UaA6UP.ltrans0.ltrans.o
                0x000000001ff56122                find_id.constprop.0
 .text.ci_eq_deal.constprop.0
                0x000000001ff56168      0x4de C:\TMP\nn_denoise_rtc_sample.elf.UaA6UP.ltrans0.ltrans.o
                0x000000001ff56168                ci_eq_deal.constprop.0
 .text.cias_speex_compressed_data.constprop.0
                0x000000001ff56646       0xf2 C:\TMP\nn_denoise_rtc_sample.elf.UaA6UP.ltrans0.ltrans.o
                0x000000001ff56646                cias_speex_compressed_data.constprop.0
 .text.dpmu_unlock_cfg_config
                0x000000001ff56738       0x12 C:\TMP\nn_denoise_rtc_sample.elf.UaA6UP.ltrans0.ltrans.o
                0x000000001ff56738                dpmu_unlock_cfg_config
 .text.dpmu_config_update_en
                0x000000001ff5674a       0x3c C:\TMP\nn_denoise_rtc_sample.elf.UaA6UP.ltrans0.ltrans.o
                0x000000001ff5674a                dpmu_config_update_en
 .text.dpmu_ldo3_lv_set
                0x000000001ff56786       0x34 C:\TMP\nn_denoise_rtc_sample.elf.UaA6UP.ltrans0.ltrans.o
                0x000000001ff56786                dpmu_ldo3_lv_set
 .text.dpmu_ldo2_lv_set
                0x000000001ff567ba       0x30 C:\TMP\nn_denoise_rtc_sample.elf.UaA6UP.ltrans0.ltrans.o
                0x000000001ff567ba                dpmu_ldo2_lv_set
 .text.dpmu_ldo1_lv_set
                0x000000001ff567ea       0x2a C:\TMP\nn_denoise_rtc_sample.elf.UaA6UP.ltrans0.ltrans.o
                0x000000001ff567ea                dpmu_ldo1_lv_set
 .text.dpmu_set_pmu_trim_value
                0x000000001ff56814       0x34 C:\TMP\nn_denoise_rtc_sample.elf.UaA6UP.ltrans0.ltrans.o
                0x000000001ff56814                dpmu_set_pmu_trim_value
 .text.dpmu_set_io_pull
                0x000000001ff56848       0x7a C:\TMP\nn_denoise_rtc_sample.elf.UaA6UP.ltrans0.ltrans.o
                0x000000001ff56848                dpmu_set_io_pull
 .text.dpmu_set_io_reuse
                0x000000001ff568c2      0x130 C:\TMP\nn_denoise_rtc_sample.elf.UaA6UP.ltrans0.ltrans.o
                0x000000001ff568c2                dpmu_set_io_reuse
 .text.dpmu_software_reset_system_config
                0x000000001ff569f2       0x2e C:\TMP\nn_denoise_rtc_sample.elf.UaA6UP.ltrans0.ltrans.o
                0x000000001ff569f2                dpmu_software_reset_system_config
 .text.dpmu_get_pll_frequency
                0x000000001ff56a20       0x3e C:\TMP\nn_denoise_rtc_sample.elf.UaA6UP.ltrans0.ltrans.o
                0x000000001ff56a20                dpmu_get_pll_frequency
 .text.efuse_read_data
                0x000000001ff56a5e        0xe C:\TMP\nn_denoise_rtc_sample.elf.UaA6UP.ltrans0.ltrans.o
                0x000000001ff56a5e                efuse_read_data
 .text.AON_EFUSE_IRQHandler
                0x000000001ff56a6c       0x72 C:\TMP\nn_denoise_rtc_sample.elf.UaA6UP.ltrans0.ltrans.o
                0x000000001ff56a6c                AON_EFUSE_IRQHandler
 .text.efuse_check_idle
                0x000000001ff56ade        0xe C:\TMP\nn_denoise_rtc_sample.elf.UaA6UP.ltrans0.ltrans.o
                0x000000001ff56ade                efuse_check_idle
 .text.efuse_read_start
                0x000000001ff56aec        0xe C:\TMP\nn_denoise_rtc_sample.elf.UaA6UP.ltrans0.ltrans.o
                0x000000001ff56aec                efuse_read_start
 .text.efuse_clk_freq_sel
                0x000000001ff56afa       0x10 C:\TMP\nn_denoise_rtc_sample.elf.UaA6UP.ltrans0.ltrans.o
                0x000000001ff56afa                efuse_clk_freq_sel
 .text.scu_unlock_reset_config
                0x000000001ff56b0a       0x12 C:\TMP\nn_denoise_rtc_sample.elf.UaA6UP.ltrans0.ltrans.o
                0x000000001ff56b0a                scu_unlock_reset_config
 .text.scu_set_device_reset_release
                0x000000001ff56b1c      0x146 C:\TMP\nn_denoise_rtc_sample.elf.UaA6UP.ltrans0.ltrans.o
                0x000000001ff56b1c                scu_set_device_reset_release
 .text.scu_set_device_reset
                0x000000001ff56c62      0x150 C:\TMP\nn_denoise_rtc_sample.elf.UaA6UP.ltrans0.ltrans.o
                0x000000001ff56c62                scu_set_device_reset
 .text.scu_unlock_clk_config
                0x000000001ff56db2       0x12 C:\TMP\nn_denoise_rtc_sample.elf.UaA6UP.ltrans0.ltrans.o
                0x000000001ff56db2                scu_unlock_clk_config
 .text.scu_iis_codec_mclk_config
                0x000000001ff56dc4       0x8e C:\TMP\nn_denoise_rtc_sample.elf.UaA6UP.ltrans0.ltrans.o
                0x000000001ff56dc4                scu_iis_codec_mclk_config
 .text.scu_iis_pad_mclk_config
                0x000000001ff56e52       0x74 C:\TMP\nn_denoise_rtc_sample.elf.UaA6UP.ltrans0.ltrans.o
                0x000000001ff56e52                scu_iis_pad_mclk_config
 .text.scu_iis_pad_clk_config
                0x000000001ff56ec6       0x74 C:\TMP\nn_denoise_rtc_sample.elf.UaA6UP.ltrans0.ltrans.o
                0x000000001ff56ec6                scu_iis_pad_clk_config
 .text.scu_iis_clk_config
                0x000000001ff56f3a       0xb2 C:\TMP\nn_denoise_rtc_sample.elf.UaA6UP.ltrans0.ltrans.o
                0x000000001ff56f3a                scu_iis_clk_config
 .text.scu_iis_mclk_Config
                0x000000001ff56fec       0x92 C:\TMP\nn_denoise_rtc_sample.elf.UaA6UP.ltrans0.ltrans.o
                0x000000001ff56fec                scu_iis_mclk_Config
 .text.scu_set_device_gate
                0x000000001ff5707e      0x1de C:\TMP\nn_denoise_rtc_sample.elf.UaA6UP.ltrans0.ltrans.o
                0x000000001ff5707e                scu_set_device_gate
 .text.scu_unlock_system_config
                0x000000001ff5725c       0x12 C:\TMP\nn_denoise_rtc_sample.elf.UaA6UP.ltrans0.ltrans.o
                0x000000001ff5725c                scu_unlock_system_config
 .text.dpmu_pll_config.constprop.0
                0x000000001ff5726e      0x15c C:\TMP\nn_denoise_rtc_sample.elf.UaA6UP.ltrans0.ltrans.o
                0x000000001ff5726e                dpmu_pll_config.constprop.0
 .text.MAIL_BOX_IRQHandler
                0x000000001ff573ca       0x52 C:\TMP\nn_denoise_rtc_sample.elf.UaA6UP.ltrans0.ltrans.o
                0x000000001ff573ca                MAIL_BOX_IRQHandler
 .text.xPortSetInterruptMask
                0x000000001ff5741c       0x1e C:\TMP\nn_denoise_rtc_sample.elf.UaA6UP.ltrans0.ltrans.o
                0x000000001ff5741c                xPortSetInterruptMask
 .text.xQueueGenericSendFromISR.constprop.0
                0x000000001ff5743a       0x70 C:\TMP\nn_denoise_rtc_sample.elf.UaA6UP.ltrans0.ltrans.o
                0x000000001ff5743a                xQueueGenericSendFromISR.constprop.0
 .text.vPortExitCritical
                0x000000001ff574aa       0x1a C:\TMP\nn_denoise_rtc_sample.elf.UaA6UP.ltrans0.ltrans.o
                0x000000001ff574aa                vPortExitCritical
 .text.vPortEnterCritical
                0x000000001ff574c4       0x24 C:\TMP\nn_denoise_rtc_sample.elf.UaA6UP.ltrans0.ltrans.o
                0x000000001ff574c4                vPortEnterCritical
 .text.vPortSetup
                0x000000001ff574e8       0x9e C:\TMP\nn_denoise_rtc_sample.elf.UaA6UP.ltrans0.ltrans.o
                0x000000001ff574e8                vPortSetup
 .text.vDoTaskSwitchContext
                0x000000001ff57586       0x76 C:\TMP\nn_denoise_rtc_sample.elf.UaA6UP.ltrans0.ltrans.o
                0x000000001ff57586                vDoTaskSwitchContext
 .text.taskswitch
                0x000000001ff575fc       0x14 C:\TMP\nn_denoise_rtc_sample.elf.UaA6UP.ltrans0.ltrans.o
                0x000000001ff575fc                taskswitch
 .text.vPortClearMSIPInt
                0x000000001ff57610       0x12 C:\TMP\nn_denoise_rtc_sample.elf.UaA6UP.ltrans0.ltrans.o
                0x000000001ff57610                vPortClearMSIPInt
 .text.vPortSetMSIPInt
                0x000000001ff57622       0x1a C:\TMP\nn_denoise_rtc_sample.elf.UaA6UP.ltrans0.ltrans.o
                0x000000001ff57622                vPortSetMSIPInt
 .text.xTaskGenericNotify.constprop.0
                0x000000001ff5763c       0x64 C:\TMP\nn_denoise_rtc_sample.elf.UaA6UP.ltrans0.ltrans.o
                0x000000001ff5763c                xTaskGenericNotify.constprop.0
 .text.xTaskNotifyWait.constprop.0
                0x000000001ff576a0       0x6e C:\TMP\nn_denoise_rtc_sample.elf.UaA6UP.ltrans0.ltrans.o
                0x000000001ff576a0                xTaskNotifyWait.constprop.0
 .text.xTaskCreate.constprop.0
                0x000000001ff5770e      0x1fc C:\TMP\nn_denoise_rtc_sample.elf.UaA6UP.ltrans0.ltrans.o
                0x000000001ff5770e                xTaskCreate.constprop.0
 .text.vPortSysTickHandler
                0x000000001ff5790a       0x60 C:\TMP\nn_denoise_rtc_sample.elf.UaA6UP.ltrans0.ltrans.o
                0x000000001ff5790a                vPortSysTickHandler
 .text.flash_manage_give_op_done_sem
                0x000000001ff5796a       0x4c C:\TMP\nn_denoise_rtc_sample.elf.UaA6UP.ltrans0.ltrans.o
 .text.flash_manage_nuclear_com_outside_serve_cb.lto_priv.0
                0x000000001ff579b6       0x42 C:\TMP\nn_denoise_rtc_sample.elf.UaA6UP.ltrans0.ltrans.o
                0x000000001ff579b6                flash_manage_nuclear_com_outside_serve_cb.lto_priv.0
 .text.speex_decoder_ctl
                0x000000001ff579f8        0xe C:\TMP\nn_denoise_rtc_sample.elf.UaA6UP.ltrans0.ltrans.o
                0x000000001ff579f8                speex_decoder_ctl
 .text.speex_decode_int.constprop.0
                0x000000001ff57a06       0xfe C:\TMP\nn_denoise_rtc_sample.elf.UaA6UP.ltrans0.ltrans.o
                0x000000001ff57a06                speex_decode_int.constprop.0
 .text.sb_decoder_ctl
                0x000000001ff57b04      0x1bc C:\TMP\nn_denoise_rtc_sample.elf.UaA6UP.ltrans0.ltrans.o
                0x000000001ff57b04                sb_decoder_ctl
 .text.speex_encoder_ctl
                0x000000001ff57cc0        0xe C:\TMP\nn_denoise_rtc_sample.elf.UaA6UP.ltrans0.ltrans.o
                0x000000001ff57cc0                speex_encoder_ctl
 .text.sb_encode
                0x000000001ff57cce      0xa6c C:\TMP\nn_denoise_rtc_sample.elf.UaA6UP.ltrans0.ltrans.o
                0x000000001ff57cce                sb_encode
 .text.sb_encoder_ctl
                0x000000001ff5873a      0x232 C:\TMP\nn_denoise_rtc_sample.elf.UaA6UP.ltrans0.ltrans.o
                0x000000001ff5873a                sb_encoder_ctl
 .text.nb_encoder_ctl
                0x000000001ff5896c      0x26c C:\TMP\nn_denoise_rtc_sample.elf.UaA6UP.ltrans0.ltrans.o
                0x000000001ff5896c                nb_encoder_ctl
 .text.speex_notify.lto_priv.0.lto_priv.0
                0x000000001ff58bd8       0x1c C:\TMP\nn_denoise_rtc_sample.elf.UaA6UP.ltrans0.ltrans.o
                0x000000001ff58bd8                speex_notify.lto_priv.0.lto_priv.0
 .text.sb_decode
                0x000000001ff58bf4      0x5e2 C:\TMP\nn_denoise_rtc_sample.elf.UaA6UP.ltrans0.ltrans.o
                0x000000001ff58bf4                sb_decode
 .text.nb_decode
                0x000000001ff591d6      0xeb0 C:\TMP\nn_denoise_rtc_sample.elf.UaA6UP.ltrans0.ltrans.o
                0x000000001ff591d6                nb_decode
 .text.speex_alloc.lto_priv.0.lto_priv.0
                0x000000001ff5a086        0xe C:\TMP\nn_denoise_rtc_sample.elf.UaA6UP.ltrans0.ltrans.o
                0x000000001ff5a086                speex_alloc.lto_priv.0.lto_priv.0
 .text.sb_decoder_init
                0x000000001ff5a094       0xde C:\TMP\nn_denoise_rtc_sample.elf.UaA6UP.ltrans0.ltrans.o
                0x000000001ff5a094                sb_decoder_init
 .text.nb_decoder_init
                0x000000001ff5a172       0xd2 C:\TMP\nn_denoise_rtc_sample.elf.UaA6UP.ltrans0.ltrans.o
                0x000000001ff5a172                nb_decoder_init
 .text.xQueueGenericSend.constprop.0
                0x000000001ff5a244       0xe8 C:\TMP\nn_denoise_rtc_sample.elf.UaA6UP.ltrans0.ltrans.o
                0x000000001ff5a244                xQueueGenericSend.constprop.0
 .text.xQueueCreateMutex.constprop.0
                0x000000001ff5a32c       0x2c C:\TMP\nn_denoise_rtc_sample.elf.UaA6UP.ltrans0.ltrans.o
                0x000000001ff5a32c                xQueueCreateMutex.constprop.0
 .text.xTimerGenericCommand.constprop.0
                0x000000001ff5a358       0x2c C:\TMP\nn_denoise_rtc_sample.elf.UaA6UP.ltrans0.ltrans.o
                0x000000001ff5a358                xTimerGenericCommand.constprop.0
 .text.prompt_play_by_cmd_string.constprop.0
                0x000000001ff5a384       0x8c C:\TMP\nn_denoise_rtc_sample.elf.UaA6UP.ltrans0.ltrans.o
 .text.give_flash_sem.lto_priv.0
                0x000000001ff5a410       0x1c C:\TMP\nn_denoise_rtc_sample.elf.UaA6UP.ltrans0.ltrans.o
                0x000000001ff5a410                give_flash_sem.lto_priv.0
 .text.xStreamBufferReceive.constprop.0
                0x000000001ff5a42c       0xc6 C:\TMP\nn_denoise_rtc_sample.elf.UaA6UP.ltrans0.ltrans.o
                0x000000001ff5a42c                xStreamBufferReceive.constprop.0
 .text.IISDMA_ChannelIntENConfig.constprop.0
                0x000000001ff5a4f2       0x58 C:\TMP\nn_denoise_rtc_sample.elf.UaA6UP.ltrans0.ltrans.o
                0x000000001ff5a4f2                IISDMA_ChannelIntENConfig.constprop.0
 .text.cm_get_pcm_buffer.constprop.0
                0x000000001ff5a54a       0x80 C:\TMP\nn_denoise_rtc_sample.elf.UaA6UP.ltrans0.ltrans.o
                0x000000001ff5a54a                cm_get_pcm_buffer.constprop.0
 .text.iis_audio_choose.constprop.0
                0x000000001ff5a5ca       0x98 C:\TMP\nn_denoise_rtc_sample.elf.UaA6UP.ltrans0.ltrans.o
                0x000000001ff5a5ca                iis_audio_choose.constprop.0
 .text.rc_callee_alg_aes_type_tip
                0x000000001ff5a662       0x1e C:\TMP\nn_denoise_rtc_sample.elf.UaA6UP.ltrans0.ltrans.o
                0x000000001ff5a662                rc_callee_alg_aes_type_tip
 .text.rc_callee_npu_ifft_data_handle_in_host
                0x000000001ff5a680       0x8a C:\TMP\nn_denoise_rtc_sample.elf.UaA6UP.ltrans0.ltrans.o
                0x000000001ff5a680                rc_callee_npu_ifft_data_handle_in_host
 .text.rc_callee_free_in_host
                0x000000001ff5a70a       0x40 C:\TMP\nn_denoise_rtc_sample.elf.UaA6UP.ltrans0.ltrans.o
                0x000000001ff5a70a                rc_callee_free_in_host
 .text.mailbox_send_msg
                0x000000001ff5a74a       0xb8 C:\TMP\nn_denoise_rtc_sample.elf.UaA6UP.ltrans0.ltrans.o
                0x000000001ff5a74a                mailbox_send_msg
 .text.nuclear_com_send.constprop.0
                0x000000001ff5a802       0xb8 C:\TMP\nn_denoise_rtc_sample.elf.UaA6UP.ltrans0.ltrans.o
 .text.send_voice_info_to_audio_in_manage.constprop.0
                0x000000001ff5a8ba       0x3a C:\TMP\nn_denoise_rtc_sample.elf.UaA6UP.ltrans0.ltrans.o
                0x000000001ff5a8ba                send_voice_info_to_audio_in_manage.constprop.0
 .text.flash_manage_ept_cal_serve_rpmsg.lto_priv.0
                0x000000001ff5a8f4       0x1c C:\TMP\nn_denoise_rtc_sample.elf.UaA6UP.ltrans0.ltrans.o
                0x000000001ff5a8f4                flash_manage_ept_cal_serve_rpmsg.lto_priv.0
 .text.remote_call_task.lto_priv.0
                0x000000001ff5a910       0xfe C:\TMP\nn_denoise_rtc_sample.elf.UaA6UP.ltrans0.ltrans.o
                0x000000001ff5a910                remote_call_task.lto_priv.0
 .text.nuclear_com_irq_handler
                0x000000001ff5aa0e      0x176 C:\TMP\nn_denoise_rtc_sample.elf.UaA6UP.ltrans0.ltrans.o
                0x000000001ff5aa0e                nuclear_com_irq_handler
 .text.ulSynchTrap
                0x000000001ff5ab84      0x110 C:\TMP\nn_denoise_rtc_sample.elf.UaA6UP.ltrans0.ltrans.o
                0x000000001ff5ab84                ulSynchTrap
 .text.flash_manage_req_wait_op_done_sem
                0x000000001ff5ac94       0xca C:\TMP\nn_denoise_rtc_sample.elf.UaA6UP.ltrans0.ltrans.o
 .text.wait_flash_sem
                0x000000001ff5ad5e       0x3e C:\TMP\nn_denoise_rtc_sample.elf.UaA6UP.ltrans0.ltrans.o
 .text.post_erase_flash.constprop.0
                0x000000001ff5ad9c       0x70 C:\TMP\nn_denoise_rtc_sample.elf.UaA6UP.ltrans0.ltrans.o
                0x000000001ff5ad9c                post_erase_flash.constprop.0
 .text.post_spic_read_unique_id
                0x000000001ff5ae0c       0x36 C:\TMP\nn_denoise_rtc_sample.elf.UaA6UP.ltrans0.ltrans.o
 .text.post_write_flash
                0x000000001ff5ae42       0x3e C:\TMP\nn_denoise_rtc_sample.elf.UaA6UP.ltrans0.ltrans.o
                0x000000001ff5ae42                post_write_flash
 .text.post_read_flash
                0x000000001ff5ae80       0x94 C:\TMP\nn_denoise_rtc_sample.elf.UaA6UP.ltrans0.ltrans.o
                0x000000001ff5ae80                post_read_flash
 .text.write_item.constprop.0
                0x000000001ff5af14      0x11c C:\TMP\nn_denoise_rtc_sample.elf.UaA6UP.ltrans0.ltrans.o
 .text.init_item.constprop.0
                0x000000001ff5b030       0xba C:\TMP\nn_denoise_rtc_sample.elf.UaA6UP.ltrans0.ltrans.o
                0x000000001ff5b030                init_item.constprop.0
 .text.rc_callee_flash_get_en_data
                0x000000001ff5b0ea       0x1c C:\TMP\nn_denoise_rtc_sample.elf.UaA6UP.ltrans0.ltrans.o
                0x000000001ff5b0ea                rc_callee_flash_get_en_data
 .text.decoder_rpmsg_serve_cb
                0x000000001ff5b106      0x2a4 C:\TMP\nn_denoise_rtc_sample.elf.UaA6UP.ltrans0.ltrans.o
                0x000000001ff5b106                decoder_rpmsg_serve_cb
 .text.asr_top_outside_serve_cb
                0x000000001ff5b3aa       0x76 C:\TMP\nn_denoise_rtc_sample.elf.UaA6UP.ltrans0.ltrans.o
                0x000000001ff5b3aa                asr_top_outside_serve_cb
 .text.sb_encoder_destroy
                0x000000001ff5b420       0x6c C:\TMP\nn_denoise_rtc_sample.elf.UaA6UP.ltrans0.ltrans.o
                0x000000001ff5b420                sb_encoder_destroy
 .text.sb_encoder_init
                0x000000001ff5b48c      0x166 C:\TMP\nn_denoise_rtc_sample.elf.UaA6UP.ltrans0.ltrans.o
                0x000000001ff5b48c                sb_encoder_init
 .text.nb_encoder_destroy
                0x000000001ff5b5f2       0x2e C:\TMP\nn_denoise_rtc_sample.elf.UaA6UP.ltrans0.ltrans.o
                0x000000001ff5b5f2                nb_encoder_destroy
 .text.nb_encoder_init
                0x000000001ff5b620       0xe8 C:\TMP\nn_denoise_rtc_sample.elf.UaA6UP.ltrans0.ltrans.o
                0x000000001ff5b620                nb_encoder_init
 .text.other_func_serve_cb
                0x000000001ff5b708       0x1a C:\TMP\nn_denoise_rtc_sample.elf.UaA6UP.ltrans1.ltrans.o
 .text.icodec_config
                0x000000001ff5b722      0x112 C:\TMP\nn_denoise_rtc_sample.elf.UaA6UP.ltrans1.ltrans.o
 .text.icodec_stop
                0x000000001ff5b834       0x20 C:\TMP\nn_denoise_rtc_sample.elf.UaA6UP.ltrans1.ltrans.o
 .text.inner_codec_adc_dig_gain_set
                0x000000001ff5b854       0x44 C:\TMP\nn_denoise_rtc_sample.elf.UaA6UP.ltrans1.ltrans.o
 .text.get_pga_gain_reg_data_from_db
                0x000000001ff5b898       0x3a C:\TMP\nn_denoise_rtc_sample.elf.UaA6UP.ltrans1.ltrans.o
 .text.icodec_ioctl
                0x000000001ff5b8d2       0xfe C:\TMP\nn_denoise_rtc_sample.elf.UaA6UP.ltrans1.ltrans.o
 .text.convert_left_and_right
                0x000000001ff5b9d0        0x6 C:\TMP\nn_denoise_rtc_sample.elf.UaA6UP.ltrans1.ltrans.o
 .text.uart_dma_read_irq_callback
                0x000000001ff5b9d6        0x8 C:\TMP\nn_denoise_rtc_sample.elf.UaA6UP.ltrans1.ltrans.o
 .text.prvInsertBlockIntoFreeList
                0x000000001ff5b9de       0x42 C:\TMP\nn_denoise_rtc_sample.elf.UaA6UP.ltrans1.ltrans.o
 .text.prvResetNextTaskUnblockTime
                0x000000001ff5ba20       0x1e C:\TMP\nn_denoise_rtc_sample.elf.UaA6UP.ltrans1.ltrans.o
 .text.prvWriteBytesToBuffer
                0x000000001ff5ba3e       0x58 C:\TMP\nn_denoise_rtc_sample.elf.UaA6UP.ltrans1.ltrans.o
 .text.prvCopyDataFromQueue
                0x000000001ff5ba96       0x2c C:\TMP\nn_denoise_rtc_sample.elf.UaA6UP.ltrans1.ltrans.o
 .text.vListInsert
                0x000000001ff5bac2       0x2e C:\TMP\nn_denoise_rtc_sample.elf.UaA6UP.ltrans1.ltrans.o
 .text.prvInsertTimerInActiveList
                0x000000001ff5baf0       0x3e C:\TMP\nn_denoise_rtc_sample.elf.UaA6UP.ltrans1.ltrans.o
 .text.speex_bits_init
                0x000000001ff5bb2e       0x34 C:\TMP\nn_denoise_rtc_sample.elf.UaA6UP.ltrans1.ltrans.o
 .text.speex_warning
                0x000000001ff5bb62       0x1c C:\TMP\nn_denoise_rtc_sample.elf.UaA6UP.ltrans1.ltrans.o
 .text.iis_clk_gate
                0x000000001ff5bb7e       0x50 C:\TMP\nn_denoise_rtc_sample.elf.UaA6UP.ltrans1.ltrans.o
 .text.pad_config_for_uart.part.0
                0x000000001ff5bbce       0x20 C:\TMP\nn_denoise_rtc_sample.elf.UaA6UP.ltrans1.ltrans.o
 .text.pad_config_for_uart
                0x000000001ff5bbee       0x54 C:\TMP\nn_denoise_rtc_sample.elf.UaA6UP.ltrans1.ltrans.o
 .text.audio_pre_rslt_write_data_from_uart
                0x000000001ff5bc42      0x17a C:\TMP\nn_denoise_rtc_sample.elf.UaA6UP.ltrans1.ltrans.o
 .text.speex_bits_remaining
                0x000000001ff5bdbc       0x16 C:\TMP\nn_denoise_rtc_sample.elf.UaA6UP.ltrans1.ltrans.o
                0x000000001ff5bdbc                speex_bits_remaining
 .text.speex_bits_advance
                0x000000001ff5bdd2       0x2c C:\TMP\nn_denoise_rtc_sample.elf.UaA6UP.ltrans1.ltrans.o
                0x000000001ff5bdd2                speex_bits_advance
 .text.speex_bits_unpack_unsigned
                0x000000001ff5bdfe       0x58 C:\TMP\nn_denoise_rtc_sample.elf.UaA6UP.ltrans1.ltrans.o
                0x000000001ff5bdfe                speex_bits_unpack_unsigned
 .text.speex_bits_pack
                0x000000001ff5be56       0xae C:\TMP\nn_denoise_rtc_sample.elf.UaA6UP.ltrans1.ltrans.o
                0x000000001ff5be56                speex_bits_pack
 .text.UART0_IRQHandler
                0x000000001ff5bf04       0x80 C:\TMP\nn_denoise_rtc_sample.elf.UaA6UP.ltrans1.ltrans.o
                0x000000001ff5bf04                UART0_IRQHandler
 .text.get_src_clk
                0x000000001ff5bf84        0xc C:\TMP\nn_denoise_rtc_sample.elf.UaA6UP.ltrans1.ltrans.o
                0x000000001ff5bf84                get_src_clk
 .text.check_curr_trap
                0x000000001ff5bf90        0xe C:\TMP\nn_denoise_rtc_sample.elf.UaA6UP.ltrans1.ltrans.o
                0x000000001ff5bf90                check_curr_trap
 .text.eclic_set_irq_lvl_abs.lto_priv.0
                0x000000001ff5bf9e       0x4a C:\TMP\nn_denoise_rtc_sample.elf.UaA6UP.ltrans1.ltrans.o
                0x000000001ff5bf9e                eclic_set_irq_lvl_abs.lto_priv.0
 .text.init_irq_pri
                0x000000001ff5bfe8       0x22 C:\TMP\nn_denoise_rtc_sample.elf.UaA6UP.ltrans1.ltrans.o
 .text.write_feb_status.lto_priv.0
                0x000000001ff5c00a       0x4e C:\TMP\nn_denoise_rtc_sample.elf.UaA6UP.ltrans1.ltrans.o
                0x000000001ff5c00a                write_feb_status.lto_priv.0
 .text.write_item_status.lto_priv.0
                0x000000001ff5c058       0x7c C:\TMP\nn_denoise_rtc_sample.elf.UaA6UP.ltrans1.ltrans.o
                0x000000001ff5c058                write_item_status.lto_priv.0
 .text.hotid_update.lto_priv.0
                0x000000001ff5c0d4       0x1c C:\TMP\nn_denoise_rtc_sample.elf.UaA6UP.ltrans1.ltrans.o
                0x000000001ff5c0d4                hotid_update.lto_priv.0
 .text.traverse_feb.lto_priv.0
                0x000000001ff5c0f0      0x25a C:\TMP\nn_denoise_rtc_sample.elf.UaA6UP.ltrans1.ltrans.o
                0x000000001ff5c0f0                traverse_feb.lto_priv.0
 .text.find_item.lto_priv.0
                0x000000001ff5c34a       0x54 C:\TMP\nn_denoise_rtc_sample.elf.UaA6UP.ltrans1.ltrans.o
                0x000000001ff5c34a                find_item.lto_priv.0
 .text.erase_feb.lto_priv.0
                0x000000001ff5c39e       0x2e C:\TMP\nn_denoise_rtc_sample.elf.UaA6UP.ltrans1.ltrans.o
                0x000000001ff5c39e                erase_feb.lto_priv.0
 .text.ciss_set
                0x000000001ff5c3cc       0x16 C:\TMP\nn_denoise_rtc_sample.elf.UaA6UP.ltrans1.ltrans.o
                0x000000001ff5c3cc                ciss_set
 .text._printf  0x000000001ff5c3e2       0x76 C:\TMP\nn_denoise_rtc_sample.elf.UaA6UP.ltrans1.ltrans.o
                0x000000001ff5c3e2                _printf
 .text.UART2_IRQHandler
                0x000000001ff5c458       0xb0 C:\TMP\nn_denoise_rtc_sample.elf.UaA6UP.ltrans1.ltrans.o
                0x000000001ff5c458                UART2_IRQHandler
 .text.IIC0_IRQHandler
                0x000000001ff5c508      0x27a C:\TMP\nn_denoise_rtc_sample.elf.UaA6UP.ltrans1.ltrans.o
                0x000000001ff5c508                IIC0_IRQHandler
 .text.iis_wait_load_ctrl
                0x000000001ff5c782       0x38 C:\TMP\nn_denoise_rtc_sample.elf.UaA6UP.ltrans1.ltrans.o
 .text.IISxDMA_TADDR0.part.0
                0x000000001ff5c7ba       0x2c C:\TMP\nn_denoise_rtc_sample.elf.UaA6UP.ltrans1.ltrans.o
 .text.IISDMA_ADDRRollBackINT.part.0
                0x000000001ff5c7e6       0x2c C:\TMP\nn_denoise_rtc_sample.elf.UaA6UP.ltrans1.ltrans.o
 .text.cm_write_codec
                0x000000001ff5c812       0x90 C:\TMP\nn_denoise_rtc_sample.elf.UaA6UP.ltrans1.ltrans.o
 .text.get_iis_dma_channel
                0x000000001ff5c8a2       0x58 C:\TMP\nn_denoise_rtc_sample.elf.UaA6UP.ltrans1.ltrans.o
 .text.init_iis.isra.0
                0x000000001ff5c8fa       0x8a C:\TMP\nn_denoise_rtc_sample.elf.UaA6UP.ltrans1.ltrans.o
 .text.cm_reg_codec.part.0
                0x000000001ff5c984      0x172 C:\TMP\nn_denoise_rtc_sample.elf.UaA6UP.ltrans1.ltrans.o
 .text.xTaskGetSchedulerState
                0x000000001ff5caf6       0x14 C:\TMP\nn_denoise_rtc_sample.elf.UaA6UP.ltrans1.ltrans.o
                0x000000001ff5caf6                xTaskGetSchedulerState
 .text.cinv_port_mutex_give
                0x000000001ff5cb0a       0x34 C:\TMP\nn_denoise_rtc_sample.elf.UaA6UP.ltrans1.ltrans.o
 .text.xTaskCheckForTimeOut
                0x000000001ff5cb3e       0x60 C:\TMP\nn_denoise_rtc_sample.elf.UaA6UP.ltrans1.ltrans.o
                0x000000001ff5cb3e                xTaskCheckForTimeOut
 .text.vTaskSuspendAll
                0x000000001ff5cb9e        0xc C:\TMP\nn_denoise_rtc_sample.elf.UaA6UP.ltrans1.ltrans.o
                0x000000001ff5cb9e                vTaskSuspendAll
 .text.prvBytesInBuffer.lto_priv.0
                0x000000001ff5cbaa       0x14 C:\TMP\nn_denoise_rtc_sample.elf.UaA6UP.ltrans1.ltrans.o
                0x000000001ff5cbaa                prvBytesInBuffer.lto_priv.0
 .text.prvReadBytesFromBuffer.lto_priv.0
                0x000000001ff5cbbe       0x5e C:\TMP\nn_denoise_rtc_sample.elf.UaA6UP.ltrans1.ltrans.o
                0x000000001ff5cbbe                prvReadBytesFromBuffer.lto_priv.0
 .text.uxListRemove
                0x000000001ff5cc1c       0x20 C:\TMP\nn_denoise_rtc_sample.elf.UaA6UP.ltrans1.ltrans.o
                0x000000001ff5cc1c                uxListRemove
 .text.prvSwitchTimerLists
                0x000000001ff5cc3c       0x62 C:\TMP\nn_denoise_rtc_sample.elf.UaA6UP.ltrans1.ltrans.o
 .text.vListInsertEnd
                0x000000001ff5cc9e       0x18 C:\TMP\nn_denoise_rtc_sample.elf.UaA6UP.ltrans1.ltrans.o
                0x000000001ff5cc9e                vListInsertEnd
 .text.prvAddCurrentTaskToDelayedList.lto_priv.0
                0x000000001ff5ccb6       0x70 C:\TMP\nn_denoise_rtc_sample.elf.UaA6UP.ltrans1.ltrans.o
                0x000000001ff5ccb6                prvAddCurrentTaskToDelayedList.lto_priv.0
 .text.vTaskPlaceOnEventList
                0x000000001ff5cd26       0x1c C:\TMP\nn_denoise_rtc_sample.elf.UaA6UP.ltrans1.ltrans.o
                0x000000001ff5cd26                vTaskPlaceOnEventList
 .text.xTaskRemoveFromEventList
                0x000000001ff5cd42       0x70 C:\TMP\nn_denoise_rtc_sample.elf.UaA6UP.ltrans1.ltrans.o
                0x000000001ff5cd42                xTaskRemoveFromEventList
 .text.prvUnlockQueue.lto_priv.0
                0x000000001ff5cdb2       0x7a C:\TMP\nn_denoise_rtc_sample.elf.UaA6UP.ltrans1.ltrans.o
                0x000000001ff5cdb2                prvUnlockQueue.lto_priv.0
 .text.xQueueReceiveFromISR
                0x000000001ff5ce2c       0x72 C:\TMP\nn_denoise_rtc_sample.elf.UaA6UP.ltrans1.ltrans.o
                0x000000001ff5ce2c                xQueueReceiveFromISR
 .text.cm_output_interrupt_handler
                0x000000001ff5ce9e      0x100 C:\TMP\nn_denoise_rtc_sample.elf.UaA6UP.ltrans1.ltrans.o
 .text.xQueueGiveFromISR
                0x000000001ff5cf9e       0x60 C:\TMP\nn_denoise_rtc_sample.elf.UaA6UP.ltrans1.ltrans.o
                0x000000001ff5cf9e                xQueueGiveFromISR
 .text.cm_input_interrupt_handler
                0x000000001ff5cffe       0x7c C:\TMP\nn_denoise_rtc_sample.elf.UaA6UP.ltrans1.ltrans.o
 .text.IIS_DMA_IRQHandler
                0x000000001ff5d07a      0x112 C:\TMP\nn_denoise_rtc_sample.elf.UaA6UP.ltrans1.ltrans.o
                0x000000001ff5d07a                IIS_DMA_IRQHandler
 .text.xTaskIncrementTick
                0x000000001ff5d18c       0xea C:\TMP\nn_denoise_rtc_sample.elf.UaA6UP.ltrans1.ltrans.o
                0x000000001ff5d18c                xTaskIncrementTick
 .text.xTaskResumeAll
                0x000000001ff5d276       0xbe C:\TMP\nn_denoise_rtc_sample.elf.UaA6UP.ltrans1.ltrans.o
                0x000000001ff5d276                xTaskResumeAll
 .text.vPortFree
                0x000000001ff5d334       0x4a C:\TMP\nn_denoise_rtc_sample.elf.UaA6UP.ltrans1.ltrans.o
                0x000000001ff5d334                vPortFree
 .text.prvIdleTask
                0x000000001ff5d37e       0x60 C:\TMP\nn_denoise_rtc_sample.elf.UaA6UP.ltrans1.ltrans.o
 .text.vQueueDelete
                0x000000001ff5d3de       0x38 C:\TMP\nn_denoise_rtc_sample.elf.UaA6UP.ltrans1.ltrans.o
 .text.pvPortMalloc
                0x000000001ff5d416       0xf2 C:\TMP\nn_denoise_rtc_sample.elf.UaA6UP.ltrans1.ltrans.o
                0x000000001ff5d416                pvPortMalloc
 .text.realloc_buffer
                0x000000001ff5d508       0x3a C:\TMP\nn_denoise_rtc_sample.elf.UaA6UP.ltrans1.ltrans.o
 .text.get_file_addr
                0x000000001ff5d542       0xd2 C:\TMP\nn_denoise_rtc_sample.elf.UaA6UP.ltrans1.ltrans.o
 .text.get_current_model_addr
                0x000000001ff5d614       0x8e C:\TMP\nn_denoise_rtc_sample.elf.UaA6UP.ltrans1.ltrans.o
                0x000000001ff5d614                get_current_model_addr
 .text.flash_control_inner_serve_cb
                0x000000001ff5d6a2       0x76 C:\TMP\nn_denoise_rtc_sample.elf.UaA6UP.ltrans1.ltrans.o
 .text.prvListTasksWithinSingleList
                0x000000001ff5d718       0xca C:\TMP\nn_denoise_rtc_sample.elf.UaA6UP.ltrans1.ltrans.o
 .text.vTaskDelay
                0x000000001ff5d7e2       0x24 C:\TMP\nn_denoise_rtc_sample.elf.UaA6UP.ltrans1.ltrans.o
 .text.speex_record_data_task
                0x000000001ff5d806       0xbe C:\TMP\nn_denoise_rtc_sample.elf.UaA6UP.ltrans1.ltrans.o
 .text.xStreamBufferSend
                0x000000001ff5d8c4      0x104 C:\TMP\nn_denoise_rtc_sample.elf.UaA6UP.ltrans1.ltrans.o
 .text.xQueueReceive
                0x000000001ff5d9c8       0xec C:\TMP\nn_denoise_rtc_sample.elf.UaA6UP.ltrans1.ltrans.o
                0x000000001ff5d9c8                xQueueReceive
 .text.prvTimerTask
                0x000000001ff5dab4      0x1a8 C:\TMP\nn_denoise_rtc_sample.elf.UaA6UP.ltrans1.ltrans.o
 .text.xQueueSemaphoreTake
                0x000000001ff5dc5c      0x222 C:\TMP\nn_denoise_rtc_sample.elf.UaA6UP.ltrans1.ltrans.o
                0x000000001ff5dc5c                xQueueSemaphoreTake
 .text.cm_start_codec
                0x000000001ff5de7e      0x1da C:\TMP\nn_denoise_rtc_sample.elf.UaA6UP.ltrans1.ltrans.o
 .text.speex_play_data_task
                0x000000001ff5e058       0xf2 C:\TMP\nn_denoise_rtc_sample.elf.UaA6UP.ltrans1.ltrans.o
 .text.audio_pre_rslt_write_data
                0x000000001ff5e14a      0x1ac C:\TMP\nn_denoise_rtc_sample.elf.UaA6UP.ltrans1.ltrans.o
 .text.ifft_data_handle_task_rtc
                0x000000001ff5e2f6       0xae C:\TMP\nn_denoise_rtc_sample.elf.UaA6UP.ltrans1.ltrans.o
 .text.codec_manage_inner_serve_cb
                0x000000001ff5e3a4       0x9c C:\TMP\nn_denoise_rtc_sample.elf.UaA6UP.ltrans1.ltrans.o
 .text.cinv_port_mutex_take
                0x000000001ff5e440       0x32 C:\TMP\nn_denoise_rtc_sample.elf.UaA6UP.ltrans1.ltrans.o
 .text.uart_eq_param_cfg_task
                0x000000001ff5e472      0x5ea C:\TMP\nn_denoise_rtc_sample.elf.UaA6UP.ltrans1.ltrans.o
 .text.vListInitialise
                0x000000001ff5ea5c       0x14 C:\TMP\nn_denoise_rtc_sample.elf.UaA6UP.ltrans1.ltrans.o
                0x000000001ff5ea5c                vListInitialise
 .text.xQueueGenericCreate
                0x000000001ff5ea70       0x74 C:\TMP\nn_denoise_rtc_sample.elf.UaA6UP.ltrans1.ltrans.o
                0x000000001ff5ea70                xQueueGenericCreate
 .text.cm_config_pcm_buffer.part.0
                0x000000001ff5eae4       0xfe C:\TMP\nn_denoise_rtc_sample.elf.UaA6UP.ltrans1.ltrans.o
 .text.xEventGroupSetBits
                0x000000001ff5ebe2       0xbc C:\TMP\nn_denoise_rtc_sample.elf.UaA6UP.ltrans1.ltrans.o
                0x000000001ff5ebe2                xEventGroupSetBits
 .text.vEventGroupSetBitsCallback
                0x000000001ff5ec9e        0xc C:\TMP\nn_denoise_rtc_sample.elf.UaA6UP.ltrans1.ltrans.o
                0x000000001ff5ec9e                vEventGroupSetBitsCallback
 .text.handle_trap
                0x000000001ff5ecaa      0x11a C:\TMP\nn_denoise_rtc_sample.elf.UaA6UP.ltrans1.ltrans.o
                0x000000001ff5ecaa                handle_trap
 .text._delay_10us_240M
                0x000000001ff5edc4       0x2e C:\TMP\nn_denoise_rtc_sample.elf.UaA6UP.ltrans1.ltrans.o
                0x000000001ff5edc4                _delay_10us_240M
 .text.UART_BAUDRATEConfig
                0x000000001ff5edf2      0x45e C:\TMP\nn_denoise_rtc_sample.elf.UaA6UP.ltrans1.ltrans.o
 .text.speex_recv_data_task
                0x000000001ff5f250      0x214 C:\TMP\nn_denoise_rtc_sample.elf.UaA6UP.ltrans1.ltrans.o
 .text.GPIO_IRQ_Default_proc
                0x000000001ff5f464       0xc0 C:\TMP\nn_denoise_rtc_sample.elf.UaA6UP.ltrans1.ltrans.o
 .text.AON_PC_IRQHandler
                0x000000001ff5f524       0x12 C:\TMP\nn_denoise_rtc_sample.elf.UaA6UP.ltrans1.ltrans.o
                0x000000001ff5f524                AON_PC_IRQHandler
 .text.PB_IRQHandler
                0x000000001ff5f536       0x12 C:\TMP\nn_denoise_rtc_sample.elf.UaA6UP.ltrans1.ltrans.o
                0x000000001ff5f536                PB_IRQHandler
 .text.PA_IRQHandler
                0x000000001ff5f548       0x12 C:\TMP\nn_denoise_rtc_sample.elf.UaA6UP.ltrans1.ltrans.o
                0x000000001ff5f548                PA_IRQHandler
 .text.inner_codec_dac_enable
                0x000000001ff5f55a       0xa2 C:\TMP\nn_denoise_rtc_sample.elf.UaA6UP.ltrans1.ltrans.o
 .text.icodec_start
                0x000000001ff5f5fc       0x1a C:\TMP\nn_denoise_rtc_sample.elf.UaA6UP.ltrans1.ltrans.o
 .text.icodec_init
                0x000000001ff5f616      0x318 C:\TMP\nn_denoise_rtc_sample.elf.UaA6UP.ltrans1.ltrans.o
 .text.cm_config_codec.part.0
                0x000000001ff5f92e      0x6b6 C:\TMP\nn_denoise_rtc_sample.elf.UaA6UP.ltrans1.ltrans.o
 .text.task_init
                0x000000001ff5ffe4     0x13cc C:\TMP\nn_denoise_rtc_sample.elf.UaA6UP.ltrans1.ltrans.o
 .text.audio_pre_rslt_out_play_card_init
                0x000000001ff613b0      0x17c C:\TMP\nn_denoise_rtc_sample.elf.UaA6UP.ltrans1.ltrans.o
 .text.audio_in_manage_inner_task_rtc
                0x000000001ff6152c       0xc2 C:\TMP\nn_denoise_rtc_sample.elf.UaA6UP.ltrans1.ltrans.o
 .text.AON_TIM_INT1_IRQHandler
                0x000000001ff615ee        0x2 C:\TMP\nn_denoise_rtc_sample.elf.UaA6UP.ltrans1.ltrans.o
                0x000000001ff615ee                AON_TIM_INT1_IRQHandler
 .text.IWDG_IRQHandler
                0x000000001ff615f0        0x2 C:\TMP\nn_denoise_rtc_sample.elf.UaA6UP.ltrans1.ltrans.o
                0x000000001ff615f0                IWDG_IRQHandler
 .text.AON_TIM_INT0_IRQHandler
                0x000000001ff615f2        0x2 C:\TMP\nn_denoise_rtc_sample.elf.UaA6UP.ltrans1.ltrans.o
                0x000000001ff615f2                AON_TIM_INT0_IRQHandler
 .text.EXT1_IRQHandler
                0x000000001ff615f4        0x2 C:\TMP\nn_denoise_rtc_sample.elf.UaA6UP.ltrans1.ltrans.o
                0x000000001ff615f4                EXT1_IRQHandler
 .text.EXT0_IRQHandler
                0x000000001ff615f6        0x2 C:\TMP\nn_denoise_rtc_sample.elf.UaA6UP.ltrans1.ltrans.o
                0x000000001ff615f6                EXT0_IRQHandler
 .text.VDT_IRQHandler
                0x000000001ff615f8        0x2 C:\TMP\nn_denoise_rtc_sample.elf.UaA6UP.ltrans1.ltrans.o
                0x000000001ff615f8                VDT_IRQHandler
 .text.V11_OK_IRQHandler
                0x000000001ff615fa        0x2 C:\TMP\nn_denoise_rtc_sample.elf.UaA6UP.ltrans1.ltrans.o
                0x000000001ff615fa                V11_OK_IRQHandler
 .text.DTR_IRQHandler
                0x000000001ff615fc        0x2 C:\TMP\nn_denoise_rtc_sample.elf.UaA6UP.ltrans1.ltrans.o
                0x000000001ff615fc                DTR_IRQHandler
 .text.PDM_IRQHandler
                0x000000001ff615fe        0x2 C:\TMP\nn_denoise_rtc_sample.elf.UaA6UP.ltrans1.ltrans.o
                0x000000001ff615fe                PDM_IRQHandler
 .text.ALC_IRQHandler
                0x000000001ff61600        0x2 C:\TMP\nn_denoise_rtc_sample.elf.UaA6UP.ltrans1.ltrans.o
                0x000000001ff61600                ALC_IRQHandler
 .text.IIS2_IRQHandler
                0x000000001ff61602        0x2 C:\TMP\nn_denoise_rtc_sample.elf.UaA6UP.ltrans1.ltrans.o
                0x000000001ff61602                IIS2_IRQHandler
 .text.IIS1_IRQHandler
                0x000000001ff61604        0x2 C:\TMP\nn_denoise_rtc_sample.elf.UaA6UP.ltrans1.ltrans.o
                0x000000001ff61604                IIS1_IRQHandler
 .text.IIS0_IRQHandler
                0x000000001ff61606        0x2 C:\TMP\nn_denoise_rtc_sample.elf.UaA6UP.ltrans1.ltrans.o
                0x000000001ff61606                IIS0_IRQHandler
 .text.UART1_IRQHandler
                0x000000001ff61608        0x2 C:\TMP\nn_denoise_rtc_sample.elf.UaA6UP.ltrans1.ltrans.o
                0x000000001ff61608                UART1_IRQHandler
 .text.TIMER3_IRQHandler
                0x000000001ff6160a        0x2 C:\TMP\nn_denoise_rtc_sample.elf.UaA6UP.ltrans1.ltrans.o
                0x000000001ff6160a                TIMER3_IRQHandler
 .text.TIMER2_IRQHandler
                0x000000001ff6160c        0x2 C:\TMP\nn_denoise_rtc_sample.elf.UaA6UP.ltrans1.ltrans.o
                0x000000001ff6160c                TIMER2_IRQHandler
 .text.TIMER1_IRQHandler
                0x000000001ff6160e        0x2 C:\TMP\nn_denoise_rtc_sample.elf.UaA6UP.ltrans1.ltrans.o
                0x000000001ff6160e                TIMER1_IRQHandler
 .text.TIMER0_IRQHandler
                0x000000001ff61610        0x2 C:\TMP\nn_denoise_rtc_sample.elf.UaA6UP.ltrans1.ltrans.o
                0x000000001ff61610                TIMER0_IRQHandler
 .text.DMA_IRQHandler
                0x000000001ff61612       0x40 C:\TMP\nn_denoise_rtc_sample.elf.UaA6UP.ltrans1.ltrans.o
                0x000000001ff61612                DMA_IRQHandler
 .text.ADC_IRQHandler
                0x000000001ff61652        0x2 C:\TMP\nn_denoise_rtc_sample.elf.UaA6UP.ltrans1.ltrans.o
                0x000000001ff61652                ADC_IRQHandler
 .text.NPU_IRQHandler
                0x000000001ff61654        0x2 C:\TMP\nn_denoise_rtc_sample.elf.UaA6UP.ltrans1.ltrans.o
                0x000000001ff61654                NPU_IRQHandler
 .text.SCU_IRQHandler
                0x000000001ff61656        0x2 C:\TMP\nn_denoise_rtc_sample.elf.UaA6UP.ltrans1.ltrans.o
                0x000000001ff61656                SCU_IRQHandler
 .text.TWDG_IRQHandler
                0x000000001ff61658        0x2 C:\TMP\nn_denoise_rtc_sample.elf.UaA6UP.ltrans1.ltrans.o
                0x000000001ff61658                TWDG_IRQHandler
 .text._fini    0x000000001ff6165a        0x2 C:\TMP\nn_denoise_rtc_sample.elf.UaA6UP.ltrans1.ltrans.o
                0x000000001ff6165a                _fini
 .text._init    0x000000001ff6165c       0xc0 C:\TMP\nn_denoise_rtc_sample.elf.UaA6UP.ltrans1.ltrans.o
                0x000000001ff6165c                _init
 .text.sbrk     0x000000001ff6171c       0x6e ../../../libs\libnewlib_port.a(sbrk.o)
                0x000000001ff6171c                sbrk
 .text.get_heap_bytes_remaining_size
                0x000000001ff6178a        0x6 ../../../libs\libnewlib_port.a(sbrk.o)
                0x000000001ff6178a                get_heap_bytes_remaining_size
 .text._sbrk    0x000000001ff61790        0xa ../../../libs\libnewlib_port.a(sbrk.o)
                0x000000001ff61790                _sbrk
 .text.__malloc_lock
                0x000000001ff6179a        0xa ../../../libs\libnewlib_port.a(sbrk.o)
                0x000000001ff6179a                __malloc_lock
 .text.__malloc_unlock
                0x000000001ff617a4        0xa ../../../libs\libnewlib_port.a(sbrk.o)
                0x000000001ff617a4                __malloc_unlock
 .text.__wrap_memcmp
                0x000000001ff617ae        0xe ../../../libs\libnewlib_port.a(sbrk.o)
                0x000000001ff617ae                __wrap_memcmp
 .text.__wrap_memcpy
                0x000000001ff617bc        0xe ../../../libs\libnewlib_port.a(sbrk.o)
                0x000000001ff617bc                __wrap_memcpy
 .text.__wrap_memmove
                0x000000001ff617ca        0xe ../../../libs\libnewlib_port.a(sbrk.o)
                0x000000001ff617ca                __wrap_memmove
 .text.__wrap_memset
                0x000000001ff617d8        0xe ../../../libs\libnewlib_port.a(sbrk.o)
                0x000000001ff617d8                __wrap_memset
 .text.__wrap_strcmp
                0x000000001ff617e6        0xe ../../../libs\libnewlib_port.a(sbrk.o)
                0x000000001ff617e6                __wrap_strcmp
 .text.__wrap_malloc
                0x000000001ff617f4       0x10 ../../../libs\libnewlib_port.a(sbrk.o)
                0x000000001ff617f4                __wrap_malloc
 .text.__wrap_free
                0x000000001ff61804       0x10 ../../../libs\libnewlib_port.a(sbrk.o)
                0x000000001ff61804                __wrap_free
 .text.__wrap_fabsf
                0x000000001ff61814       0x10 ../../../libs\libnewlib_port.a(sbrk.o)
                0x000000001ff61814                __wrap_fabsf
 *fill*         0x000000001ff61824       0x1c 
 .text.entry    0x000000001ff61840      0x5f4 ../../../libs\libfreertos_port.a(portasm.o)
                0x000000001ff61840                trap_entry
                0x000000001ff61930                irq_entry
                0x000000001ff61aa4                eclic_mtip_handler
                0x000000001ff61b64                eclic_msip_handler
                0x000000001ff61c40                vPortYield_from_ulSynchTrap
                0x000000001ff61c80                vPortYield
                0x000000001ff61db0                xPortStartScheduler
                0x000000001ff61e20                vPortEndScheduler
 .text          0x000000001ff61e34       0x60 d:/software/yuyin/qiqiyinqiluntai/riscv-nuclei-elf-gcc-9.2.0.0/gcc_fix_raissrc/bin/../lib/gcc/riscv-nuclei-elf/9.2.0/rv32imafc/ilp32f\libgcc.a(save-restore.o)
                0x000000001ff61e34                __riscv_save_12
                0x000000001ff61e3c                __riscv_save_9
                0x000000001ff61e3c                __riscv_save_11
                0x000000001ff61e3c                __riscv_save_10
                0x000000001ff61e3c                __riscv_save_8
                0x000000001ff61e4a                __riscv_save_4
                0x000000001ff61e4a                __riscv_save_6
                0x000000001ff61e4a                __riscv_save_5
                0x000000001ff61e4a                __riscv_save_7
                0x000000001ff61e64                __riscv_save_3
                0x000000001ff61e64                __riscv_save_2
                0x000000001ff61e64                __riscv_save_1
                0x000000001ff61e64                __riscv_save_0
                0x000000001ff61e70                __riscv_restore_12
                0x000000001ff61e74                __riscv_restore_11
                0x000000001ff61e74                __riscv_restore_9
                0x000000001ff61e74                __riscv_restore_10
                0x000000001ff61e74                __riscv_restore_8
                0x000000001ff61e7e                __riscv_restore_5
                0x000000001ff61e7e                __riscv_restore_7
                0x000000001ff61e7e                __riscv_restore_6
                0x000000001ff61e7e                __riscv_restore_4
                0x000000001ff61e88                __riscv_restore_3
                0x000000001ff61e88                __riscv_restore_0
                0x000000001ff61e88                __riscv_restore_2
                0x000000001ff61e88                __riscv_restore_1
 .text          0x000000001ff61e94      0x8a8 d:/software/yuyin/qiqiyinqiluntai/riscv-nuclei-elf-gcc-9.2.0.0/gcc_fix_raissrc/bin/../lib/gcc/riscv-nuclei-elf/9.2.0/rv32imafc/ilp32f\libgcc.a(adddf3.o)
                0x000000001ff61e94                __adddf3
 .text          0x000000001ff6273c      0x694 d:/software/yuyin/qiqiyinqiluntai/riscv-nuclei-elf-gcc-9.2.0.0/gcc_fix_raissrc/bin/../lib/gcc/riscv-nuclei-elf/9.2.0/rv32imafc/ilp32f\libgcc.a(divdf3.o)
                0x000000001ff6273c                __divdf3
 .text          0x000000001ff62dd0       0xa2 d:/software/yuyin/qiqiyinqiluntai/riscv-nuclei-elf-gcc-9.2.0.0/gcc_fix_raissrc/bin/../lib/gcc/riscv-nuclei-elf/9.2.0/rv32imafc/ilp32f\libgcc.a(eqdf2.o)
                0x000000001ff62dd0                __nedf2
                0x000000001ff62dd0                __eqdf2
 .text          0x000000001ff62e72       0xae d:/software/yuyin/qiqiyinqiluntai/riscv-nuclei-elf-gcc-9.2.0.0/gcc_fix_raissrc/bin/../lib/gcc/riscv-nuclei-elf/9.2.0/rv32imafc/ilp32f\libgcc.a(gedf2.o)
                0x000000001ff62e72                __gedf2
                0x000000001ff62e72                __gtdf2
 .text          0x000000001ff62f20       0xae d:/software/yuyin/qiqiyinqiluntai/riscv-nuclei-elf-gcc-9.2.0.0/gcc_fix_raissrc/bin/../lib/gcc/riscv-nuclei-elf/9.2.0/rv32imafc/ilp32f\libgcc.a(ledf2.o)
                0x000000001ff62f20                __ledf2
                0x000000001ff62f20                __ltdf2
 .text          0x000000001ff62fce      0x5a4 d:/software/yuyin/qiqiyinqiluntai/riscv-nuclei-elf-gcc-9.2.0.0/gcc_fix_raissrc/bin/../lib/gcc/riscv-nuclei-elf/9.2.0/rv32imafc/ilp32f\libgcc.a(muldf3.o)
                0x000000001ff62fce                __muldf3
 .text          0x000000001ff63572      0x8c4 d:/software/yuyin/qiqiyinqiluntai/riscv-nuclei-elf-gcc-9.2.0.0/gcc_fix_raissrc/bin/../lib/gcc/riscv-nuclei-elf/9.2.0/rv32imafc/ilp32f\libgcc.a(subdf3.o)
                0x000000001ff63572                __subdf3
 .text          0x000000001ff63e36       0x76 d:/software/yuyin/qiqiyinqiluntai/riscv-nuclei-elf-gcc-9.2.0.0/gcc_fix_raissrc/bin/../lib/gcc/riscv-nuclei-elf/9.2.0/rv32imafc/ilp32f\libgcc.a(unorddf2.o)
                0x000000001ff63e36                __unorddf2
 .text          0x000000001ff63eac       0xc4 d:/software/yuyin/qiqiyinqiluntai/riscv-nuclei-elf-gcc-9.2.0.0/gcc_fix_raissrc/bin/../lib/gcc/riscv-nuclei-elf/9.2.0/rv32imafc/ilp32f\libgcc.a(fixdfsi.o)
                0x000000001ff63eac                __fixdfsi
 .text          0x000000001ff63f70       0x68 d:/software/yuyin/qiqiyinqiluntai/riscv-nuclei-elf-gcc-9.2.0.0/gcc_fix_raissrc/bin/../lib/gcc/riscv-nuclei-elf/9.2.0/rv32imafc/ilp32f\libgcc.a(floatsidf.o)
                0x000000001ff63f70                __floatsidf
 .text          0x000000001ff63fd8       0xbc d:/software/yuyin/qiqiyinqiluntai/riscv-nuclei-elf-gcc-9.2.0.0/gcc_fix_raissrc/bin/../lib/gcc/riscv-nuclei-elf/9.2.0/rv32imafc/ilp32f\libgcc.a(extendsfdf2.o)
                0x000000001ff63fd8                __extendsfdf2
 .text          0x000000001ff64094      0x20e d:/software/yuyin/qiqiyinqiluntai/riscv-nuclei-elf-gcc-9.2.0.0/gcc_fix_raissrc/bin/../lib/gcc/riscv-nuclei-elf/9.2.0/rv32imafc/ilp32f\libgcc.a(truncdfsf2.o)
                0x000000001ff64094                __truncdfsf2
 .text          0x000000001ff642a2       0x3c d:/software/yuyin/qiqiyinqiluntai/riscv-nuclei-elf-gcc-9.2.0.0/gcc_fix_raissrc/bin/../lib/gcc/riscv-nuclei-elf/9.2.0/rv32imafc/ilp32f\libgcc.a(_clzsi2.o)
                0x000000001ff642a2                __clzsi2
 .text.atexit   0x000000001ff642de        0xa d:/software/yuyin/qiqiyinqiluntai/riscv-nuclei-elf-gcc-9.2.0.0/gcc_fix_raissrc/bin/../lib/gcc/riscv-nuclei-elf/9.2.0/../../../../riscv-nuclei-elf/lib/rv32imafc/ilp32f\libg_nano.a(lib_a-atexit.o)
                0x000000001ff642de                atexit
 .text.exit     0x000000001ff642e8       0x26 d:/software/yuyin/qiqiyinqiluntai/riscv-nuclei-elf-gcc-9.2.0.0/gcc_fix_raissrc/bin/../lib/gcc/riscv-nuclei-elf/9.2.0/../../../../riscv-nuclei-elf/lib/rv32imafc/ilp32f\libg_nano.a(lib_a-exit.o)
                0x000000001ff642e8                exit
 .text.__libc_fini_array
                0x000000001ff6430e       0x3a d:/software/yuyin/qiqiyinqiluntai/riscv-nuclei-elf-gcc-9.2.0.0/gcc_fix_raissrc/bin/../lib/gcc/riscv-nuclei-elf/9.2.0/../../../../riscv-nuclei-elf/lib/rv32imafc/ilp32f\libg_nano.a(lib_a-fini.o)
                0x000000001ff6430e                __libc_fini_array
 .text.__libc_init_array
                0x000000001ff64348       0x6e d:/software/yuyin/qiqiyinqiluntai/riscv-nuclei-elf-gcc-9.2.0.0/gcc_fix_raissrc/bin/../lib/gcc/riscv-nuclei-elf/9.2.0/../../../../riscv-nuclei-elf/lib/rv32imafc/ilp32f\libg_nano.a(lib_a-init.o)
                0x000000001ff64348                __libc_init_array
 .text.__register_exitproc
                0x000000001ff643b6       0x7c d:/software/yuyin/qiqiyinqiluntai/riscv-nuclei-elf-gcc-9.2.0.0/gcc_fix_raissrc/bin/../lib/gcc/riscv-nuclei-elf/9.2.0/../../../../riscv-nuclei-elf/lib/rv32imafc/ilp32f\libg_nano.a(lib_a-__atexit.o)
                0x000000001ff643b6                __register_exitproc
 .text.__call_exitprocs
                0x000000001ff64432       0xc4 d:/software/yuyin/qiqiyinqiluntai/riscv-nuclei-elf-gcc-9.2.0.0/gcc_fix_raissrc/bin/../lib/gcc/riscv-nuclei-elf/9.2.0/../../../../riscv-nuclei-elf/lib/rv32imafc/ilp32f\libg_nano.a(lib_a-__call_atexit.o)
                0x000000001ff64432                __call_exitprocs
 .text.calloc   0x000000001ff644f6        0xa d:/software/yuyin/qiqiyinqiluntai/riscv-nuclei-elf-gcc-9.2.0.0/gcc_fix_raissrc/bin/../lib/gcc/riscv-nuclei-elf/9.2.0/../../../../riscv-nuclei-elf/lib/rv32imafc/ilp32f\libg_nano.a(lib_a-calloc.o)
                0x000000001ff644f6                calloc
 .text.fprintf  0x000000001ff64500       0x24 d:/software/yuyin/qiqiyinqiluntai/riscv-nuclei-elf-gcc-9.2.0.0/gcc_fix_raissrc/bin/../lib/gcc/riscv-nuclei-elf/9.2.0/../../../../riscv-nuclei-elf/lib/rv32imafc/ilp32f\libg_nano.a(lib_a-fprintf.o)
                0x000000001ff64500                fiprintf
                0x000000001ff64500                fprintf
 .text._calloc_r
                0x000000001ff64524       0x26 d:/software/yuyin/qiqiyinqiluntai/riscv-nuclei-elf-gcc-9.2.0.0/gcc_fix_raissrc/bin/../lib/gcc/riscv-nuclei-elf/9.2.0/../../../../riscv-nuclei-elf/lib/rv32imafc/ilp32f\libg_nano.a(lib_a-nano-callocr.o)
                0x000000001ff64524                _calloc_r
 .text._malloc_r
                0x000000001ff6454a       0xd8 d:/software/yuyin/qiqiyinqiluntai/riscv-nuclei-elf-gcc-9.2.0.0/gcc_fix_raissrc/bin/../lib/gcc/riscv-nuclei-elf/9.2.0/../../../../riscv-nuclei-elf/lib/rv32imafc/ilp32f\libg_nano.a(lib_a-nano-mallocr.o)
                0x000000001ff6454a                _malloc_r
 .text.__sfputc_r
                0x000000001ff64622       0x28 d:/software/yuyin/qiqiyinqiluntai/riscv-nuclei-elf-gcc-9.2.0.0/gcc_fix_raissrc/bin/../lib/gcc/riscv-nuclei-elf/9.2.0/../../../../riscv-nuclei-elf/lib/rv32imafc/ilp32f\libg_nano.a(lib_a-nano-vfprintf.o)
 .text.__sfputs_r
                0x000000001ff6464a       0x44 d:/software/yuyin/qiqiyinqiluntai/riscv-nuclei-elf-gcc-9.2.0.0/gcc_fix_raissrc/bin/../lib/gcc/riscv-nuclei-elf/9.2.0/../../../../riscv-nuclei-elf/lib/rv32imafc/ilp32f\libg_nano.a(lib_a-nano-vfprintf.o)
                0x000000001ff6464a                __sfputs_r
 .text._vfprintf_r
                0x000000001ff6468e      0x2a0 d:/software/yuyin/qiqiyinqiluntai/riscv-nuclei-elf-gcc-9.2.0.0/gcc_fix_raissrc/bin/../lib/gcc/riscv-nuclei-elf/9.2.0/../../../../riscv-nuclei-elf/lib/rv32imafc/ilp32f\libg_nano.a(lib_a-nano-vfprintf.o)
                0x000000001ff6468e                _vfprintf_r
                0x000000001ff6468e                _vfiprintf_r
 .text.realloc  0x000000001ff6492e        0xc d:/software/yuyin/qiqiyinqiluntai/riscv-nuclei-elf-gcc-9.2.0.0/gcc_fix_raissrc/bin/../lib/gcc/riscv-nuclei-elf/9.2.0/../../../../riscv-nuclei-elf/lib/rv32imafc/ilp32f\libg_nano.a(lib_a-realloc.o)
                0x000000001ff6492e                realloc
 .text._sbrk_r  0x000000001ff6493a       0x30 d:/software/yuyin/qiqiyinqiluntai/riscv-nuclei-elf-gcc-9.2.0.0/gcc_fix_raissrc/bin/../lib/gcc/riscv-nuclei-elf/9.2.0/../../../../riscv-nuclei-elf/lib/rv32imafc/ilp32f\libg_nano.a(lib_a-sbrkr.o)
                0x000000001ff6493a                _sbrk_r
 .text.__swbuf_r
                0x000000001ff6496a       0xc0 d:/software/yuyin/qiqiyinqiluntai/riscv-nuclei-elf-gcc-9.2.0.0/gcc_fix_raissrc/bin/../lib/gcc/riscv-nuclei-elf/9.2.0/../../../../riscv-nuclei-elf/lib/rv32imafc/ilp32f\libg_nano.a(lib_a-wbuf.o)
                0x000000001ff6496a                __swbuf_r
 .text.__swsetup_r
                0x000000001ff64a2a      0x106 d:/software/yuyin/qiqiyinqiluntai/riscv-nuclei-elf-gcc-9.2.0.0/gcc_fix_raissrc/bin/../lib/gcc/riscv-nuclei-elf/9.2.0/../../../../riscv-nuclei-elf/lib/rv32imafc/ilp32f\libg_nano.a(lib_a-wsetup.o)
                0x000000001ff64a2a                __swsetup_r
 .text.__sflush_r
                0x000000001ff64b30      0x14a d:/software/yuyin/qiqiyinqiluntai/riscv-nuclei-elf-gcc-9.2.0.0/gcc_fix_raissrc/bin/../lib/gcc/riscv-nuclei-elf/9.2.0/../../../../riscv-nuclei-elf/lib/rv32imafc/ilp32f\libg_nano.a(lib_a-fflush.o)
                0x000000001ff64b30                __sflush_r
 .text._fflush_r
                0x000000001ff64c7a       0x66 d:/software/yuyin/qiqiyinqiluntai/riscv-nuclei-elf-gcc-9.2.0.0/gcc_fix_raissrc/bin/../lib/gcc/riscv-nuclei-elf/9.2.0/../../../../riscv-nuclei-elf/lib/rv32imafc/ilp32f\libg_nano.a(lib_a-fflush.o)
                0x000000001ff64c7a                _fflush_r
 .text.std      0x000000001ff64ce0       0x6a d:/software/yuyin/qiqiyinqiluntai/riscv-nuclei-elf-gcc-9.2.0.0/gcc_fix_raissrc/bin/../lib/gcc/riscv-nuclei-elf/9.2.0/../../../../riscv-nuclei-elf/lib/rv32imafc/ilp32f\libg_nano.a(lib_a-findfp.o)
 .text._cleanup_r
                0x000000001ff64d4a        0xa d:/software/yuyin/qiqiyinqiluntai/riscv-nuclei-elf-gcc-9.2.0.0/gcc_fix_raissrc/bin/../lib/gcc/riscv-nuclei-elf/9.2.0/../../../../riscv-nuclei-elf/lib/rv32imafc/ilp32f\libg_nano.a(lib_a-findfp.o)
                0x000000001ff64d4a                _cleanup_r
 .text.__sfmoreglue
                0x000000001ff64d54       0x48 d:/software/yuyin/qiqiyinqiluntai/riscv-nuclei-elf-gcc-9.2.0.0/gcc_fix_raissrc/bin/../lib/gcc/riscv-nuclei-elf/9.2.0/../../../../riscv-nuclei-elf/lib/rv32imafc/ilp32f\libg_nano.a(lib_a-findfp.o)
                0x000000001ff64d54                __sfmoreglue
 .text.__sinit  0x000000001ff64d9c       0x6c d:/software/yuyin/qiqiyinqiluntai/riscv-nuclei-elf-gcc-9.2.0.0/gcc_fix_raissrc/bin/../lib/gcc/riscv-nuclei-elf/9.2.0/../../../../riscv-nuclei-elf/lib/rv32imafc/ilp32f\libg_nano.a(lib_a-findfp.o)
                0x000000001ff64d9c                __sinit
 .text.__sfp    0x000000001ff64e08       0x9e d:/software/yuyin/qiqiyinqiluntai/riscv-nuclei-elf-gcc-9.2.0.0/gcc_fix_raissrc/bin/../lib/gcc/riscv-nuclei-elf/9.2.0/../../../../riscv-nuclei-elf/lib/rv32imafc/ilp32f\libg_nano.a(lib_a-findfp.o)
                0x000000001ff64e08                __sfp
 .text._fwalk_reent
                0x000000001ff64ea6       0x6a d:/software/yuyin/qiqiyinqiluntai/riscv-nuclei-elf-gcc-9.2.0.0/gcc_fix_raissrc/bin/../lib/gcc/riscv-nuclei-elf/9.2.0/../../../../riscv-nuclei-elf/lib/rv32imafc/ilp32f\libg_nano.a(lib_a-fwalk.o)
                0x000000001ff64ea6                _fwalk_reent
 .text.__swhatbuf_r
                0x000000001ff64f10       0x5a d:/software/yuyin/qiqiyinqiluntai/riscv-nuclei-elf-gcc-9.2.0.0/gcc_fix_raissrc/bin/../lib/gcc/riscv-nuclei-elf/9.2.0/../../../../riscv-nuclei-elf/lib/rv32imafc/ilp32f\libg_nano.a(lib_a-makebuf.o)
                0x000000001ff64f10                __swhatbuf_r
 .text.__smakebuf_r
                0x000000001ff64f6a       0xa0 d:/software/yuyin/qiqiyinqiluntai/riscv-nuclei-elf-gcc-9.2.0.0/gcc_fix_raissrc/bin/../lib/gcc/riscv-nuclei-elf/9.2.0/../../../../riscv-nuclei-elf/lib/rv32imafc/ilp32f\libg_nano.a(lib_a-makebuf.o)
                0x000000001ff64f6a                __smakebuf_r
 .text.memchr   0x000000001ff6500a       0x1a d:/software/yuyin/qiqiyinqiluntai/riscv-nuclei-elf-gcc-9.2.0.0/gcc_fix_raissrc/bin/../lib/gcc/riscv-nuclei-elf/9.2.0/../../../../riscv-nuclei-elf/lib/rv32imafc/ilp32f\libg_nano.a(lib_a-memchr.o)
                0x000000001ff6500a                memchr
 .text._free_r  0x000000001ff65024       0xa6 d:/software/yuyin/qiqiyinqiluntai/riscv-nuclei-elf-gcc-9.2.0.0/gcc_fix_raissrc/bin/../lib/gcc/riscv-nuclei-elf/9.2.0/../../../../riscv-nuclei-elf/lib/rv32imafc/ilp32f\libg_nano.a(lib_a-nano-freer.o)
                0x000000001ff65024                _free_r
 .text._realloc_r
                0x000000001ff650ca       0x64 d:/software/yuyin/qiqiyinqiluntai/riscv-nuclei-elf-gcc-9.2.0.0/gcc_fix_raissrc/bin/../lib/gcc/riscv-nuclei-elf/9.2.0/../../../../riscv-nuclei-elf/lib/rv32imafc/ilp32f\libg_nano.a(lib_a-nano-reallocr.o)
                0x000000001ff650ca                _realloc_r
 .text._printf_common
                0x000000001ff6512e      0x10c d:/software/yuyin/qiqiyinqiluntai/riscv-nuclei-elf-gcc-9.2.0.0/gcc_fix_raissrc/bin/../lib/gcc/riscv-nuclei-elf/9.2.0/../../../../riscv-nuclei-elf/lib/rv32imafc/ilp32f\libg_nano.a(lib_a-nano-vfprintf_i.o)
                0x000000001ff6512e                _printf_common
 .text._printf_i
                0x000000001ff6523a      0x276 d:/software/yuyin/qiqiyinqiluntai/riscv-nuclei-elf-gcc-9.2.0.0/gcc_fix_raissrc/bin/../lib/gcc/riscv-nuclei-elf/9.2.0/../../../../riscv-nuclei-elf/lib/rv32imafc/ilp32f\libg_nano.a(lib_a-nano-vfprintf_i.o)
                0x000000001ff6523a                _printf_i
 .text.__sread  0x000000001ff654b0       0x30 d:/software/yuyin/qiqiyinqiluntai/riscv-nuclei-elf-gcc-9.2.0.0/gcc_fix_raissrc/bin/../lib/gcc/riscv-nuclei-elf/9.2.0/../../../../riscv-nuclei-elf/lib/rv32imafc/ilp32f\libg_nano.a(lib_a-stdio.o)
                0x000000001ff654b0                __sread
 .text.__swrite
                0x000000001ff654e0       0x4e d:/software/yuyin/qiqiyinqiluntai/riscv-nuclei-elf-gcc-9.2.0.0/gcc_fix_raissrc/bin/../lib/gcc/riscv-nuclei-elf/9.2.0/../../../../riscv-nuclei-elf/lib/rv32imafc/ilp32f\libg_nano.a(lib_a-stdio.o)
                0x000000001ff654e0                __swrite
 .text.__sseek  0x000000001ff6552e       0x36 d:/software/yuyin/qiqiyinqiluntai/riscv-nuclei-elf-gcc-9.2.0.0/gcc_fix_raissrc/bin/../lib/gcc/riscv-nuclei-elf/9.2.0/../../../../riscv-nuclei-elf/lib/rv32imafc/ilp32f\libg_nano.a(lib_a-stdio.o)
                0x000000001ff6552e                __sseek
 .text.__sclose
                0x000000001ff65564        0x6 d:/software/yuyin/qiqiyinqiluntai/riscv-nuclei-elf-gcc-9.2.0.0/gcc_fix_raissrc/bin/../lib/gcc/riscv-nuclei-elf/9.2.0/../../../../riscv-nuclei-elf/lib/rv32imafc/ilp32f\libg_nano.a(lib_a-stdio.o)
                0x000000001ff65564                __sclose
 .text._write_r
                0x000000001ff6556a       0x32 d:/software/yuyin/qiqiyinqiluntai/riscv-nuclei-elf-gcc-9.2.0.0/gcc_fix_raissrc/bin/../lib/gcc/riscv-nuclei-elf/9.2.0/../../../../riscv-nuclei-elf/lib/rv32imafc/ilp32f\libg_nano.a(lib_a-writer.o)
                0x000000001ff6556a                _write_r
 .text._close_r
                0x000000001ff6559c       0x2e d:/software/yuyin/qiqiyinqiluntai/riscv-nuclei-elf-gcc-9.2.0.0/gcc_fix_raissrc/bin/../lib/gcc/riscv-nuclei-elf/9.2.0/../../../../riscv-nuclei-elf/lib/rv32imafc/ilp32f\libg_nano.a(lib_a-closer.o)
                0x000000001ff6559c                _close_r
 .text._fstat_r
                0x000000001ff655ca       0x30 d:/software/yuyin/qiqiyinqiluntai/riscv-nuclei-elf-gcc-9.2.0.0/gcc_fix_raissrc/bin/../lib/gcc/riscv-nuclei-elf/9.2.0/../../../../riscv-nuclei-elf/lib/rv32imafc/ilp32f\libg_nano.a(lib_a-fstatr.o)
                0x000000001ff655ca                _fstat_r
 .text._isatty_r
                0x000000001ff655fa       0x2e d:/software/yuyin/qiqiyinqiluntai/riscv-nuclei-elf-gcc-9.2.0.0/gcc_fix_raissrc/bin/../lib/gcc/riscv-nuclei-elf/9.2.0/../../../../riscv-nuclei-elf/lib/rv32imafc/ilp32f\libg_nano.a(lib_a-isattyr.o)
                0x000000001ff655fa                _isatty_r
 .text._lseek_r
                0x000000001ff65628       0x32 d:/software/yuyin/qiqiyinqiluntai/riscv-nuclei-elf-gcc-9.2.0.0/gcc_fix_raissrc/bin/../lib/gcc/riscv-nuclei-elf/9.2.0/../../../../riscv-nuclei-elf/lib/rv32imafc/ilp32f\libg_nano.a(lib_a-lseekr.o)
                0x000000001ff65628                _lseek_r
 .text._malloc_usable_size_r
                0x000000001ff6565a       0x14 d:/software/yuyin/qiqiyinqiluntai/riscv-nuclei-elf-gcc-9.2.0.0/gcc_fix_raissrc/bin/../lib/gcc/riscv-nuclei-elf/9.2.0/../../../../riscv-nuclei-elf/lib/rv32imafc/ilp32f\libg_nano.a(lib_a-nano-msizer.o)
                0x000000001ff6565a                _malloc_usable_size_r
 .text._read_r  0x000000001ff6566e       0x32 d:/software/yuyin/qiqiyinqiluntai/riscv-nuclei-elf-gcc-9.2.0.0/gcc_fix_raissrc/bin/../lib/gcc/riscv-nuclei-elf/9.2.0/../../../../riscv-nuclei-elf/lib/rv32imafc/ilp32f\libg_nano.a(lib_a-readr.o)
                0x000000001ff6566e                _read_r
 .text._exit    0x000000001ff656a0       0x2a d:/software/yuyin/qiqiyinqiluntai/riscv-nuclei-elf-gcc-9.2.0.0/gcc_fix_raissrc/bin/../lib/gcc/riscv-nuclei-elf/9.2.0/../../../../riscv-nuclei-elf/lib/rv32imafc/ilp32f\libgloss_nano.a(sys_exit.o)
                0x000000001ff656a0                _exit
 .text._close   0x000000001ff656ca       0x32 d:/software/yuyin/qiqiyinqiluntai/riscv-nuclei-elf-gcc-9.2.0.0/gcc_fix_raissrc/bin/../lib/gcc/riscv-nuclei-elf/9.2.0/../../../../riscv-nuclei-elf/lib/rv32imafc/ilp32f\libgloss_nano.a(sys_close.o)
                0x000000001ff656ca                _close
 .text._fstat   0x000000001ff656fc       0x3e d:/software/yuyin/qiqiyinqiluntai/riscv-nuclei-elf-gcc-9.2.0.0/gcc_fix_raissrc/bin/../lib/gcc/riscv-nuclei-elf/9.2.0/../../../../riscv-nuclei-elf/lib/rv32imafc/ilp32f\libgloss_nano.a(sys_fstat.o)
                0x000000001ff656fc                _fstat
 .text._isatty  0x000000001ff6573a       0x20 d:/software/yuyin/qiqiyinqiluntai/riscv-nuclei-elf-gcc-9.2.0.0/gcc_fix_raissrc/bin/../lib/gcc/riscv-nuclei-elf/9.2.0/../../../../riscv-nuclei-elf/lib/rv32imafc/ilp32f\libgloss_nano.a(sys_isatty.o)
                0x000000001ff6573a                _isatty
 .text._lseek   0x000000001ff6575a       0x2e d:/software/yuyin/qiqiyinqiluntai/riscv-nuclei-elf-gcc-9.2.0.0/gcc_fix_raissrc/bin/../lib/gcc/riscv-nuclei-elf/9.2.0/../../../../riscv-nuclei-elf/lib/rv32imafc/ilp32f\libgloss_nano.a(sys_lseek.o)
                0x000000001ff6575a                _lseek
 .text._read    0x000000001ff65788       0x2e d:/software/yuyin/qiqiyinqiluntai/riscv-nuclei-elf-gcc-9.2.0.0/gcc_fix_raissrc/bin/../lib/gcc/riscv-nuclei-elf/9.2.0/../../../../riscv-nuclei-elf/lib/rv32imafc/ilp32f\libgloss_nano.a(sys_read.o)
                0x000000001ff65788                _read
 .text._write   0x000000001ff657b6       0x2e d:/software/yuyin/qiqiyinqiluntai/riscv-nuclei-elf-gcc-9.2.0.0/gcc_fix_raissrc/bin/../lib/gcc/riscv-nuclei-elf/9.2.0/../../../../riscv-nuclei-elf/lib/rv32imafc/ilp32f\libgloss_nano.a(sys_write.o)
                0x000000001ff657b6                _write
 .text._conv_stat
                0x000000001ff657e4       0x4e d:/software/yuyin/qiqiyinqiluntai/riscv-nuclei-elf-gcc-9.2.0.0/gcc_fix_raissrc/bin/../lib/gcc/riscv-nuclei-elf/9.2.0/../../../../riscv-nuclei-elf/lib/rv32imafc/ilp32f\libgloss_nano.a(sys_conv_stat.o)
                0x000000001ff657e4                _conv_stat
 .text.__errno  0x000000001ff65832        0x6 d:/software/yuyin/qiqiyinqiluntai/riscv-nuclei-elf-gcc-9.2.0.0/gcc_fix_raissrc/bin/../lib/gcc/riscv-nuclei-elf/9.2.0/../../../../riscv-nuclei-elf/lib/rv32imafc/ilp32f\libc_nano.a(lib_a-errno.o)
                0x000000001ff65832                __errno
 .text          0x000000001ff65838      0x158 d:/software/yuyin/qiqiyinqiluntai/riscv-nuclei-elf-gcc-9.2.0.0/gcc_fix_raissrc/bin/../lib/gcc/riscv-nuclei-elf/9.2.0/../../../../riscv-nuclei-elf/lib/rv32imafc/ilp32f\libm.a(lib_a-s_floor.o)
                0x000000001ff65838                floor
 .text          0x000000001ff65990       0xbe d:/software/yuyin/qiqiyinqiluntai/riscv-nuclei-elf-gcc-9.2.0.0/gcc_fix_raissrc/bin/../lib/gcc/riscv-nuclei-elf/9.2.0/../../../../riscv-nuclei-elf/lib/rv32imafc/ilp32f\libm.a(lib_a-w_acos.o)
                0x000000001ff65990                acos
 .text          0x000000001ff65a4e      0x10a d:/software/yuyin/qiqiyinqiluntai/riscv-nuclei-elf-gcc-9.2.0.0/gcc_fix_raissrc/bin/../lib/gcc/riscv-nuclei-elf/9.2.0/../../../../riscv-nuclei-elf/lib/rv32imafc/ilp32f\libm.a(lib_a-w_exp.o)
                0x000000001ff65a4e                exp
 .text          0x000000001ff65b58      0x31e d:/software/yuyin/qiqiyinqiluntai/riscv-nuclei-elf-gcc-9.2.0.0/gcc_fix_raissrc/bin/../lib/gcc/riscv-nuclei-elf/9.2.0/../../../../riscv-nuclei-elf/lib/rv32imafc/ilp32f\libm.a(lib_a-wf_pow.o)
                0x000000001ff65b58                powf
 .text          0x000000001ff65e76      0x112 d:/software/yuyin/qiqiyinqiluntai/riscv-nuclei-elf-gcc-9.2.0.0/gcc_fix_raissrc/bin/../lib/gcc/riscv-nuclei-elf/9.2.0/../../../../riscv-nuclei-elf/lib/rv32imafc/ilp32f\libm.a(lib_a-w_log.o)
                0x000000001ff65e76                log
 .text          0x000000001ff65f88       0xb6 d:/software/yuyin/qiqiyinqiluntai/riscv-nuclei-elf-gcc-9.2.0.0/gcc_fix_raissrc/bin/../lib/gcc/riscv-nuclei-elf/9.2.0/../../../../riscv-nuclei-elf/lib/rv32imafc/ilp32f\libm.a(lib_a-w_sqrt.o)
                0x000000001ff65f88                sqrt
 .text          0x000000001ff6603e      0x4e8 d:/software/yuyin/qiqiyinqiluntai/riscv-nuclei-elf-gcc-9.2.0.0/gcc_fix_raissrc/bin/../lib/gcc/riscv-nuclei-elf/9.2.0/../../../../riscv-nuclei-elf/lib/rv32imafc/ilp32f\libm.a(lib_a-e_acos.o)
                0x000000001ff6603e                __ieee754_acos
 .text          0x000000001ff66526      0x3d4 d:/software/yuyin/qiqiyinqiluntai/riscv-nuclei-elf-gcc-9.2.0.0/gcc_fix_raissrc/bin/../lib/gcc/riscv-nuclei-elf/9.2.0/../../../../riscv-nuclei-elf/lib/rv32imafc/ilp32f\libm.a(lib_a-e_exp.o)
                0x000000001ff66526                __ieee754_exp
 .text          0x000000001ff668fa      0x652 d:/software/yuyin/qiqiyinqiluntai/riscv-nuclei-elf-gcc-9.2.0.0/gcc_fix_raissrc/bin/../lib/gcc/riscv-nuclei-elf/9.2.0/../../../../riscv-nuclei-elf/lib/rv32imafc/ilp32f\libm.a(lib_a-ef_pow.o)
                0x000000001ff668fa                __ieee754_powf
 .text          0x000000001ff66f4c       0xc6 d:/software/yuyin/qiqiyinqiluntai/riscv-nuclei-elf-gcc-9.2.0.0/gcc_fix_raissrc/bin/../lib/gcc/riscv-nuclei-elf/9.2.0/../../../../riscv-nuclei-elf/lib/rv32imafc/ilp32f\libm.a(lib_a-ef_sqrt.o)
                0x000000001ff66f4c                __ieee754_sqrtf
 .text          0x000000001ff67012      0x41e d:/software/yuyin/qiqiyinqiluntai/riscv-nuclei-elf-gcc-9.2.0.0/gcc_fix_raissrc/bin/../lib/gcc/riscv-nuclei-elf/9.2.0/../../../../riscv-nuclei-elf/lib/rv32imafc/ilp32f\libm.a(lib_a-e_log.o)
                0x000000001ff67012                __ieee754_log
 .text          0x000000001ff67430      0x1c4 d:/software/yuyin/qiqiyinqiluntai/riscv-nuclei-elf-gcc-9.2.0.0/gcc_fix_raissrc/bin/../lib/gcc/riscv-nuclei-elf/9.2.0/../../../../riscv-nuclei-elf/lib/rv32imafc/ilp32f\libm.a(lib_a-e_sqrt.o)
                0x000000001ff67430                __ieee754_sqrt
 .text          0x000000001ff675f4        0x6 d:/software/yuyin/qiqiyinqiluntai/riscv-nuclei-elf-gcc-9.2.0.0/gcc_fix_raissrc/bin/../lib/gcc/riscv-nuclei-elf/9.2.0/../../../../riscv-nuclei-elf/lib/rv32imafc/ilp32f\libm.a(lib_a-s_fabs.o)
                0x000000001ff675f4                fabs
 .text          0x000000001ff675fa       0x12 d:/software/yuyin/qiqiyinqiluntai/riscv-nuclei-elf-gcc-9.2.0.0/gcc_fix_raissrc/bin/../lib/gcc/riscv-nuclei-elf/9.2.0/../../../../riscv-nuclei-elf/lib/rv32imafc/ilp32f\libm.a(lib_a-sf_finite.o)
                0x000000001ff675fa                finitef
 .text          0x000000001ff6760c        0xe d:/software/yuyin/qiqiyinqiluntai/riscv-nuclei-elf-gcc-9.2.0.0/gcc_fix_raissrc/bin/../lib/gcc/riscv-nuclei-elf/9.2.0/../../../../riscv-nuclei-elf/lib/rv32imafc/ilp32f\libm.a(lib_a-s_finite.o)
                0x000000001ff6760c                finite
 .text          0x000000001ff6761a        0xa d:/software/yuyin/qiqiyinqiluntai/riscv-nuclei-elf-gcc-9.2.0.0/gcc_fix_raissrc/bin/../lib/gcc/riscv-nuclei-elf/9.2.0/../../../../riscv-nuclei-elf/lib/rv32imafc/ilp32f\libm.a(lib_a-sf_nan.o)
                0x000000001ff6761a                nanf
 .text          0x000000001ff67624       0xd2 d:/software/yuyin/qiqiyinqiluntai/riscv-nuclei-elf-gcc-9.2.0.0/gcc_fix_raissrc/bin/../lib/gcc/riscv-nuclei-elf/9.2.0/../../../../riscv-nuclei-elf/lib/rv32imafc/ilp32f\libm.a(lib_a-sf_rint.o)
                0x000000001ff67624                rintf
 .text          0x000000001ff676f6       0xfe d:/software/yuyin/qiqiyinqiluntai/riscv-nuclei-elf-gcc-9.2.0.0/gcc_fix_raissrc/bin/../lib/gcc/riscv-nuclei-elf/9.2.0/../../../../riscv-nuclei-elf/lib/rv32imafc/ilp32f\libm.a(lib_a-sf_scalbn.o)
                0x000000001ff676f6                scalbnf
 .text          0x000000001ff677f4        0x4 d:/software/yuyin/qiqiyinqiluntai/riscv-nuclei-elf-gcc-9.2.0.0/gcc_fix_raissrc/bin/../lib/gcc/riscv-nuclei-elf/9.2.0/../../../../riscv-nuclei-elf/lib/rv32imafc/ilp32f\libm.a(lib_a-s_matherr.o)
                0x000000001ff677f4                matherr
 .text          0x000000001ff677f8        0xe d:/software/yuyin/qiqiyinqiluntai/riscv-nuclei-elf-gcc-9.2.0.0/gcc_fix_raissrc/bin/../lib/gcc/riscv-nuclei-elf/9.2.0/../../../../riscv-nuclei-elf/lib/rv32imafc/ilp32f\libm.a(lib_a-s_nan.o)
                0x000000001ff677f8                nan
 .text          0x000000001ff67806       0x1c d:/software/yuyin/qiqiyinqiluntai/riscv-nuclei-elf-gcc-9.2.0.0/gcc_fix_raissrc/bin/../lib/gcc/riscv-nuclei-elf/9.2.0/../../../../riscv-nuclei-elf/lib/rv32imafc/ilp32f\libm.a(lib_a-sf_copysign.o)
                0x000000001ff67806                copysignf
 *(.gnu.linkonce.t.*)

.fini
 *(SORT_NONE(.fini))
                0x000000001ff67824                . = ALIGN (0x4)
                [!provide]                        PROVIDE (__etext = .)
                [!provide]                        PROVIDE (_etext = .)
                [!provide]                        PROVIDE (etext = .)
                0x000000001ff67824                PROVIDE (_eilm = .)

.preinit_array  0x000000001ff67822        0x0
                0x000000001ff67822                PROVIDE (__preinit_array_start = .)
 *(.preinit_array)
                0x000000001ff67822                PROVIDE (__preinit_array_end = .)

.init_array     0x000000001ff67822        0x0
                0x000000001ff67822                PROVIDE (__init_array_start = .)
 *(SORT_BY_INIT_PRIORITY(.init_array.*) SORT_BY_INIT_PRIORITY(.ctors.*))
 *(.init_array EXCLUDE_FILE(*crtend?.o *crtend.o *crtbegin?.o *crtbegin.o) .ctors)
                0x000000001ff67822                PROVIDE (__init_array_end = .)

.fini_array     0x000000001ff67822        0x0
                0x000000001ff67822                PROVIDE (__fini_array_start = .)
 *(SORT_BY_INIT_PRIORITY(.fini_array.*) SORT_BY_INIT_PRIORITY(.dtors.*))
 *(.fini_array EXCLUDE_FILE(*crtend?.o *crtend.o *crtbegin?.o *crtbegin.o) .dtors)
                0x000000001ff67822                PROVIDE (__fini_array_end = .)

.ctors
 *crtbegin.o(.ctors)
 *crtbegin?.o(.ctors)
 *(EXCLUDE_FILE(*crtend?.o *crtend.o) .ctors)
 *(SORT_BY_NAME(.ctors.*))
 *(.ctors)

.dtors
 *crtbegin.o(.dtors)
 *crtbegin?.o(.dtors)
 *(EXCLUDE_FILE(*crtend?.o *crtend.o) .dtors)
 *(SORT_BY_NAME(.dtors.*))
 *(.dtors)

.ro_data        0x000000001ff67828     0x5008
 *(.rdata)
 *(.rodata .rodata.*)
 .rodata.speex_warning_int.lto_priv.0.str1.4
                0x000000001ff67828       0x10 C:\TMP\nn_denoise_rtc_sample.elf.UaA6UP.ltrans0.ltrans.o
 .rodata.nb_mode_query.str1.4
                0x000000001ff67838       0x20 C:\TMP\nn_denoise_rtc_sample.elf.UaA6UP.ltrans0.ltrans.o
 .rodata.wb_mode_query.str1.4
                0x000000001ff67858       0x20 C:\TMP\nn_denoise_rtc_sample.elf.UaA6UP.ltrans0.ltrans.o
 .rodata._speex_fatal.constprop.0.str1.4
                0x000000001ff67878       0x5f C:\TMP\nn_denoise_rtc_sample.elf.UaA6UP.ltrans0.ltrans.o
 *fill*         0x000000001ff678d7        0x1 
 .rodata.nb_decoder_ctl.str1.4
                0x000000001ff678d8       0x19 C:\TMP\nn_denoise_rtc_sample.elf.UaA6UP.ltrans0.ltrans.o